Archive member included to satisfy reference by file (symbol)

app/libapp.a(main.c.obj)      (--whole-archive)
app/libapp.a(nrf9160_setup.c.obj)
                              (--whole-archive)
app/libapp.a(server_module.c.obj)
                              (--whole-archive)
zephyr/libzephyr.a(cbprintf_packaged.c.obj)
                              (--whole-archive)
zephyr/libzephyr.a(dec.c.obj)
                              (--whole-archive)
zephyr/libzephyr.a(fdtable.c.obj)
                              (--whole-archive)
zephyr/libzephyr.a(hex.c.obj)
                              (--whole-archive)
zephyr/libzephyr.a(printk.c.obj)
                              (--whole-archive)
zephyr/libzephyr.a(rb.c.obj)  (--whole-archive)
zephyr/libzephyr.a(sem.c.obj)
                              (--whole-archive)
zephyr/libzephyr.a(thread_entry.c.obj)
                              (--whole-archive)
zephyr/libzephyr.a(timeutil.c.obj)
                              (--whole-archive)
zephyr/libzephyr.a(heap.c.obj)
                              (--whole-archive)
zephyr/libzephyr.a(heap-validate.c.obj)
                              (--whole-archive)
zephyr/libzephyr.a(bitarray.c.obj)
                              (--whole-archive)
zephyr/libzephyr.a(multi_heap.c.obj)
                              (--whole-archive)
zephyr/libzephyr.a(crc32c_sw.c.obj)
                              (--whole-archive)
zephyr/libzephyr.a(crc32_sw.c.obj)
                              (--whole-archive)
zephyr/libzephyr.a(crc16_sw.c.obj)
                              (--whole-archive)
zephyr/libzephyr.a(crc8_sw.c.obj)
                              (--whole-archive)
zephyr/libzephyr.a(crc7_sw.c.obj)
                              (--whole-archive)
zephyr/libzephyr.a(cbprintf_complete.c.obj)
                              (--whole-archive)
zephyr/libzephyr.a(cbprintf.c.obj)
                              (--whole-archive)
zephyr/libzephyr.a(assert.c.obj)
                              (--whole-archive)
zephyr/libzephyr.a(configs.c.obj)
                              (--whole-archive)
zephyr/libzephyr.a(tracing_none.c.obj)
                              (--whole-archive)
zephyr/libzephyr.a(addr_utils.c.obj)
                              (--whole-archive)
zephyr/libzephyr.a(getaddrinfo.c.obj)
                              (--whole-archive)
zephyr/libzephyr.a(sockets.c.obj)
                              (--whole-archive)
zephyr/libzephyr.a(sockets_select.c.obj)
                              (--whole-archive)
zephyr/libzephyr.a(getnameinfo.c.obj)
                              (--whole-archive)
zephyr/libzephyr.a(sockets_misc.c.obj)
                              (--whole-archive)
zephyr/arch/arch/posix/core/libarch__posix__core.a(cpuhalt.c.obj)
                              (--whole-archive)
zephyr/arch/arch/posix/core/libarch__posix__core.a(fatal.c.obj)
                              (--whole-archive)
zephyr/arch/arch/posix/core/libarch__posix__core.a(irq.c.obj)
                              (--whole-archive)
zephyr/arch/arch/posix/core/libarch__posix__core.a(posix_core.c.obj)
                              (--whole-archive)
zephyr/arch/arch/posix/core/libarch__posix__core.a(swap.c.obj)
                              (--whole-archive)
zephyr/arch/arch/posix/core/libarch__posix__core.a(thread.c.obj)
                              (--whole-archive)
zephyr/soc/posix/inf_clock/libsoc__posix__inf_clock.a(soc.c.obj)
                              (--whole-archive)
zephyr/boards/posix/native_posix/libboards__posix__native_posix.a(hw_models_top.c.obj)
                              (--whole-archive)
zephyr/boards/posix/native_posix/libboards__posix__native_posix.a(timer_model.c.obj)
                              (--whole-archive)
zephyr/boards/posix/native_posix/libboards__posix__native_posix.a(native_rtc.c.obj)
                              (--whole-archive)
zephyr/boards/posix/native_posix/libboards__posix__native_posix.a(irq_handler.c.obj)
                              (--whole-archive)
zephyr/boards/posix/native_posix/libboards__posix__native_posix.a(irq_ctrl.c.obj)
                              (--whole-archive)
zephyr/boards/posix/native_posix/libboards__posix__native_posix.a(main.c.obj)
                              (--whole-archive)
zephyr/boards/posix/native_posix/libboards__posix__native_posix.a(tracing.c.obj)
                              (--whole-archive)
zephyr/boards/posix/native_posix/libboards__posix__native_posix.a(cmdline_common.c.obj)
                              (--whole-archive)
zephyr/boards/posix/native_posix/libboards__posix__native_posix.a(cmdline.c.obj)
                              (--whole-archive)
zephyr/boards/posix/native_posix/libboards__posix__native_posix.a(cpu_wait.c.obj)
                              (--whole-archive)
zephyr/boards/posix/native_posix/libboards__posix__native_posix.a(hw_counter.c.obj)
                              (--whole-archive)
zephyr/subsys/random/libsubsys__random.a(rand32_entropy_device.c.obj)
[...]
Memory Configuration

Name             Origin             Length             Attributes
*default*        0x0000000000000000 0xffffffffffffffff

Linker script and memory map

                [!provide]                        PROVIDE (__executable_start = SEGMENT_START ("text-segment", 0x8048000))
                0x0000000008048194                . = (SEGMENT_START ("text-segment", 0x8048000) + SIZEOF_HEADERS)

.interp         0x0000000008048194       0x13
 *(SORT_BY_ALIGNMENT(.interp))
 .interp        0x0000000008048194       0x13 /usr/lib/gcc/x86_64-linux-gnu/11/../../../../lib32/Scrt1.o

.note.ABI-tag   0x00000000080481a8       0x20
 .note.ABI-tag  0x00000000080481a8       0x20 /usr/lib/gcc/x86_64-linux-gnu/11/../../../../lib32/Scrt1.o

.note.gnu.build-id
 *(SORT_BY_ALIGNMENT(.note.gnu.build-id))

.hash
 *(SORT_BY_ALIGNMENT(.hash))

.gnu.hash       0x00000000080481c8       0x40
 *(SORT_BY_ALIGNMENT(.gnu.hash))
 .gnu.hash      0x00000000080481c8       0x40 /usr/lib/gcc/x86_64-linux-gnu/11/../../../../lib32/Scrt1.o

.dynsym         0x0000000008048208      0x470
 *(SORT_BY_ALIGNMENT(.dynsym))
 .dynsym        0x0000000008048208      0x470 /usr/lib/gcc/x86_64-linux-gnu/11/../../../../lib32/Scrt1.o

.dynstr         0x0000000008048678      0x38f
 *(SORT_BY_ALIGNMENT(.dynstr))
 .dynstr        0x0000000008048678      0x38f /usr/lib/gcc/x86_64-linux-gnu/11/../../../../lib32/Scrt1.o

.gnu.version    0x0000000008048a08       0x8e
 *(SORT_BY_ALIGNMENT(.gnu.version))
 .gnu.version   0x0000000008048a08       0x8e /usr/lib/gcc/x86_64-linux-gnu/11/../../../../lib32/Scrt1.o

.gnu.version_d  0x0000000008048a98        0x0
 *(SORT_BY_ALIGNMENT(.gnu.version_d))
 .gnu.version_d
                0x0000000008048a98        0x0 /usr/lib/gcc/x86_64-linux-gnu/11/../../../../lib32/Scrt1.o

.gnu.version_r  0x0000000008048a98       0xa0
 *(SORT_BY_ALIGNMENT(.gnu.version_r))
 .gnu.version_r
                0x0000000008048a98       0xa0 /usr/lib/gcc/x86_64-linux-gnu/11/../../../../lib32/Scrt1.o

.rel.dyn        0x0000000008048b38       0x30
 *(SORT_BY_ALIGNMENT(.rel.init))
 *(SORT_BY_ALIGNMENT(.rel.text) SORT_BY_ALIGNMENT(.rel.text.*) SORT_BY_ALIGNMENT(.rel.gnu.linkonce.t.*))
 .rel.text.on_http_response
                0x0000000008048b38        0x0 /usr/lib/gcc/x86_64-linux-gnu/11/../../../../lib32/Scrt1.o
 .rel.text.server_work_handler
                0x0000000008048b38        0x0 /usr/lib/gcc/x86_64-linux-gnu/11/../../../../lib32/Scrt1.o
 .rel.text.server_send_van_location
                0x0000000008048b38        0x0 /usr/lib/gcc/x86_64-linux-gnu/11/../../../../lib32/Scrt1.o
 .rel.text._check_fd
                0x0000000008048b38        0x0 /usr/lib/gcc/x86_64-linux-gnu/11/../../../../lib32/Scrt1.o
 .rel.text.z_reserve_fd
                0x0000000008048b38        0x0 /usr/lib/gcc/x86_64-linux-gnu/11/../../../../lib32/Scrt1.o
 .rel.text.vsnprintk
                0x0000000008048b38        0x0 /usr/lib/gcc/x86_64-linux-gnu/11/../../../../lib32/Scrt1.o
 .rel.text.extract_decimal
                0x0000000008048b38        0x0 /usr/lib/gcc/x86_64-linux-gnu/11/../../../../lib32/Scrt1.o
 .rel.text.encode_uint
                0x0000000008048b38        0x0 /usr/lib/gcc/x86_64-linux-gnu/11/../../../../lib32/Scrt1.o
 .rel.text.z_cbvprintf_impl
                0x0000000008048b38        0x0 /usr/lib/gcc/x86_64-linux-gnu/11/../../../../lib32/Scrt1.o
 .rel.text.exec_query
                0x0000000008048b38        0x0 /usr/lib/gcc/x86_64-linux-gnu/11/../../../../lib32/Scrt1.o
 .rel.text.z_impl_z_zsock_getaddrinfo_internal
                0x0000000008048b38        0x0 /usr/lib/gcc/x86_64-linux-gnu/11/../../../../lib32/Scrt1.o
 .rel.text.zsock_getaddrinfo
                0x0000000008048b38        0x0 /usr/lib/gcc/x86_64-linux-gnu/11/../../../../lib32/Scrt1.o
 .rel.text.sock_ioctl_vmeth
                0x0000000008048b38        0x0 /usr/lib/gcc/x86_64-linux-gnu/11/../../../../lib32/Scrt1.o
 .rel.text.zsock_socket_internal
                0x0000000008048b38        0x0 /usr/lib/gcc/x86_64-linux-gnu/11/../../../../lib32/Scrt1.o
 .rel.text.send_check_and_wait
                0x0000000008048b38        0x0 /usr/lib/gcc/x86_64-linux-gnu/11/../../../../lib32/Scrt1.o
 .rel.text.z_impl_zsock_socket
                0x0000000008048b38        0x0 /usr/lib/gcc/x86_64-linux-gnu/11/../../../../lib32/Scrt1.o
 .rel.text.zsock_close_ctx
                0x0000000008048b38        0x0 /usr/lib/gcc/x86_64-linux-gnu/11/../../../../lib32/Scrt1.o
 .rel.text.z_impl_zsock_close
                0x0000000008048b38        0x0 /usr/lib/gcc/x86_64-linux-gnu/11/../../../../lib32/Scrt1.o
 .rel.text.zsock_shutdown_ctx
                0x0000000008048b38        0x0 /usr/lib/gcc/x86_64-linux-gnu/11/../../../../lib32/Scrt1.o
 .rel.text.zsock_bind_ctx
                0x0000000008048b38        0x0 /usr/lib/gcc/x86_64-linux-gnu/11/../../../../lib32/Scrt1.o
 .rel.text.zsock_connect_ctx
                0x0000000008048b38        0x0 /usr/lib/gcc/x86_64-linux-gnu/11/../../../../lib32/Scrt1.o
 .rel.text.z_impl_zsock_connect
                0x0000000008048b38        0x0 /usr/lib/gcc/x86_64-linux-gnu/11/../../../../lib32/Scrt1.o
 .rel.text.zsock_listen_ctx
                0x0000000008048b38        0x0 /usr/lib/gcc/x86_64-linux-gnu/11/../../../../lib32/Scrt1.o
 .rel.text.zsock_accept_ctx
                0x0000000008048b38        0x0 /usr/lib/gcc/x86_64-linux-gnu/11/../../../../lib32/Scrt1.o
 .rel.text.zsock_sendto_ctx
                0x0000000008048b38        0x0 /usr/lib/gcc/x86_64-linux-gnu/11/../../../../lib32/Scrt1.o
 .rel.text.z_impl_zsock_sendto
                0x0000000008048b38        0x0 /usr/lib/gcc/x86_64-linux-gnu/11/../../../../lib32/Scrt1.o
 .rel.text.zsock_sendmsg_ctx
                0x0000000008048b38        0x0 /usr/lib/gcc/x86_64-linux-gnu/11/../../../../lib32/Scrt1.o
 .rel.text.zsock_recvfrom_ctx
                0x0000000008048b38        0x0 /usr/lib/gcc/x86_64-linux-gnu/11/../../../../lib32/Scrt1.o
 .rel.text.z_impl_zsock_recvfrom
                0x0000000008048b38        0x0 /usr/lib/gcc/x86_64-linux-gnu/11/../../../../lib32/Scrt1.o
 .rel.text.zsock_poll_internal
                0x0000000008048b38        0x0 /usr/lib/gcc/x86_64-linux-gnu/11/../../../../lib32/Scrt1.o
 .rel.text.zsock_getsockopt_ctx
                0x0000000008048b38        0x0 /usr/lib/gcc/x86_64-linux-gnu/11/../../../../lib32/Scrt1.o
 .rel.text.zsock_setsockopt_ctx
                0x0000000008048b38        0x0 /usr/lib/gcc/x86_64-linux-gnu/11/../../../../lib32/Scrt1.o
 .rel.text.z_impl_zsock_setsockopt
                0x0000000008048b38        0x0 /usr/lib/gcc/x86_64-linux-gnu/11/../../../../lib32/Scrt1.o
 .rel.text.zsock_getpeername_ctx
                0x0000000008048b38        0x0 /usr/lib/gcc/x86_64-linux-gnu/11/../../../../lib32/Scrt1.o
 .rel.text.zsock_getsockname_ctx
                0x0000000008048b38        0x0 /usr/lib/gcc/x86_64-linux-gnu/11/../../../../lib32/Scrt1.o
 .rel.text.posix_preexit_cleanup
                0x0000000008048b38        0x0 /usr/lib/gcc/x86_64-linux-gnu/11/../../../../lib32/Scrt1.o
 .rel.text.abort_tail
                0x0000000008048b38        0x0 /usr/lib/gcc/x86_64-linux-gnu/11/../../../../lib32/Scrt1.o
 .rel.text.posix_wait_until_allowed
                0x0000000008048b38        0x0 /usr/lib/gcc/x86_64-linux-gnu/11/../../../../lib32/Scrt1.o
 .rel.text.posix_cleanup_handler
                0x0000000008048b38        0x0 /usr/lib/gcc/x86_64-linux-gnu/11/../../../../lib32/Scrt1.o
 .rel.text.posix_thread_starter
                0x0000000008048b38        0x0 /usr/lib/gcc/x86_64-linux-gnu/11/../../../../lib32/Scrt1.o
 .rel.text.posix_swap
                0x0000000008048b38        0x0 /usr/lib/gcc/x86_64-linux-gnu/11/../../../../lib32/Scrt1.o
 .rel.text.posix_main_thread_start
                0x0000000008048b38        0x0 /usr/lib/gcc/x86_64-linux-gnu/11/../../../../lib32/Scrt1.o
 .rel.text.posix_new_thread
                0x0000000008048b38        0x0 /usr/lib/gcc/x86_64-linux-gnu/11/../../../../lib32/Scrt1.o
 .rel.text.posix_init_multithreading
                0x0000000008048b38        0x0 /usr/lib/gcc/x86_64-linux-gnu/11/../../../../lib32/Scrt1.o
 .rel.text.posix_core_clean_up
                0x0000000008048b38        0x0 /usr/lib/gcc/x86_64-linux-gnu/11/../../../../lib32/Scrt1.o
 .rel.text.zephyr_wrapper
                0x0000000008048b38        0x0 /usr/lib/gcc/x86_64-linux-gnu/11/../../../../lib32/Scrt1.o
 .rel.text.posix_change_cpu_state_and_wait
                0x0000000008048b38        0x0 /usr/lib/gcc/x86_64-linux-gnu/11/../../../../lib32/Scrt1.o
 .rel.text.posix_boot_cpu
                0x0000000008048b38        0x0 /usr/lib/gcc/x86_64-linux-gnu/11/../../../../lib32/Scrt1.o
 .rel.text.posix_soc_clean_up
                0x0000000008048b38        0x0 /usr/lib/gcc/x86_64-linux-gnu/11/../../../../lib32/Scrt1.o
 .rel.text.hwm_set_sig_handler
                0x0000000008048b38        0x0 /usr/lib/gcc/x86_64-linux-gnu/11/../../../../lib32/Scrt1.o
 .rel.text.get_host_us_time
                0x0000000008048b38        0x0 /usr/lib/gcc/x86_64-linux-gnu/11/../../../../lib32/Scrt1.o
 .rel.text.hwtimer_init
                0x0000000008048b38        0x0 /usr/lib/gcc/x86_64-linux-gnu/11/../../../../lib32/Scrt1.o
 .rel.text.hwtimer_timer_reached
                0x0000000008048b38        0x0 /usr/lib/gcc/x86_64-linux-gnu/11/../../../../lib32/Scrt1.o
 .rel.text.posix_exit
                0x0000000008048b38        0x0 /usr/lib/gcc/x86_64-linux-gnu/11/../../../../lib32/Scrt1.o
 .rel.text.posix_init
                0x0000000008048b38        0x0 /usr/lib/gcc/x86_64-linux-gnu/11/../../../../lib32/Scrt1.o
 .rel.text.decide_about_color
                0x0000000008048b38        0x0 /usr/lib/gcc/x86_64-linux-gnu/11/../../../../lib32/Scrt1.o
 .rel.text.posix_print_error_and_exit
                0x0000000008048b38        0x0 /usr/lib/gcc/x86_64-linux-gnu/11/../../../../lib32/Scrt1.o
 .rel.text.posix_print_warning
                0x0000000008048b38        0x0 /usr/lib/gcc/x86_64-linux-gnu/11/../../../../lib32/Scrt1.o
 .rel.text.posix_print_trace
                0x0000000008048b38        0x0 /usr/lib/gcc/x86_64-linux-gnu/11/../../../../lib32/Scrt1.o
 .rel.text.cmd_gen_switch_syntax.constprop.0
                0x0000000008048b38        0x0 /usr/lib/gcc/x86_64-linux-gnu/11/../../../../lib32/Scrt1.o
 .rel.text.cmd_is_option
                0x0000000008048b38        0x0 /usr/lib/gcc/x86_64-linux-gnu/11/../../../../lib32/Scrt1.o
 .rel.text.cmd_is_help_option
                0x0000000008048b38        0x0 /usr/lib/gcc/x86_64-linux-gnu/11/../../../../lib32/Scrt1.o
 .rel.text.cmd_read_option_value
                0x0000000008048b38        0x0 /usr/lib/gcc/x86_64-linux-gnu/11/../../../../lib32/Scrt1.o
 .rel.text.cmd_print_switches_help
                0x0000000008048b38        0x0 /usr/lib/gcc/x86_64-linux-gnu/11/../../../../lib32/Scrt1.o
 .rel.text.cmd_print_long_help
                0x0000000008048b38        0x0 /usr/lib/gcc/x86_64-linux-gnu/11/../../../../lib32/Scrt1.o
 .rel.text.native_cleanup_cmd_line
                0x0000000008048b38        0x0 /usr/lib/gcc/x86_64-linux-gnu/11/../../../../lib32/Scrt1.o
 .rel.text.native_add_command_line_opts
                0x0000000008048b38        0x0 /usr/lib/gcc/x86_64-linux-gnu/11/../../../../lib32/Scrt1.o
 .rel.text.z_impl_sys_rand32_get
                0x0000000008048b38        0x0 /usr/lib/gcc/x86_64-linux-gnu/11/../../../../lib32/Scrt1.o
 .rel.text.net_buf_id
                0x0000000008048b38        0x0 /usr/lib/gcc/x86_64-linux-gnu/11/../../../../lib32/Scrt1.o
 .rel.text.fixed_data_alloc
                0x0000000008048b38        0x0 /usr/lib/gcc/x86_64-linux-gnu/11/../../../../lib32/Scrt1.o
 .rel.text.net_buf_alloc_len
                0x0000000008048b38        0x0 /usr/lib/gcc/x86_64-linux-gnu/11/../../../../lib32/Scrt1.o
 .rel.text.net_buf_unref
                0x0000000008048b38        0x0 /usr/lib/gcc/x86_64-linux-gnu/11/../../../../lib32/Scrt1.o
 .rel.text.ethernet_recv
                0x0000000008048b38        0x0 /usr/lib/gcc/x86_64-linux-gnu/11/../../../../lib32/Scrt1.o
 .rel.text.arp_update
                0x0000000008048b38        0x0 /usr/lib/gcc/x86_64-linux-gnu/11/../../../../lib32/Scrt1.o
 .rel.text.net_arp_prepare
                0x0000000008048b38        0x0 /usr/lib/gcc/x86_64-linux-gnu/11/../../../../lib32/Scrt1.o
 .rel.text.net_arp_input
                0x0000000008048b38        0x0 /usr/lib/gcc/x86_64-linux-gnu/11/../../../../lib32/Scrt1.o
 .rel.text.net_send_data
                0x0000000008048b38        0x0 /usr/lib/gcc/x86_64-linux-gnu/11/../../../../lib32/Scrt1.o
 .rel.text.net_ipv6_is_prefix
                0x0000000008048b38        0x0 /usr/lib/gcc/x86_64-linux-gnu/11/../../../../lib32/Scrt1.o
 .rel.text.net_ipv6_addr_cmp
                0x0000000008048b38        0x0 /usr/lib/gcc/x86_64-linux-gnu/11/../../../../lib32/Scrt1.o
 .rel.text.z_impl_net_if_get_by_index
                0x0000000008048b38        0x0 /usr/lib/gcc/x86_64-linux-gnu/11/../../../../lib32/Scrt1.o
 .rel.text.net_if_lookup_by_dev
                0x0000000008048b38        0x0 /usr/lib/gcc/x86_64-linux-gnu/11/../../../../lib32/Scrt1.o
 .rel.text.net_if_get_default
                0x0000000008048b38        0x0 /usr/lib/gcc/x86_64-linux-gnu/11/../../../../lib32/Scrt1.o
 .rel.text.rs_timeout
                0x0000000008048b38        0x0 /usr/lib/gcc/x86_64-linux-gnu/11/../../../../lib32/Scrt1.o
 .rel.text.net_if_ipv6_addr_lookup
                0x0000000008048b38        0x0 /usr/lib/gcc/x86_64-linux-gnu/11/../../../../lib32/Scrt1.o
 .rel.text.dad_timeout
                0x0000000008048b38        0x0 /usr/lib/gcc/x86_64-linux-gnu/11/../../../../lib32/Scrt1.o
 .rel.text.net_if_ipv6_addr_add
                0x0000000008048b38        0x0 /usr/lib/gcc/x86_64-linux-gnu/11/../../../../lib32/Scrt1.o
 .rel.text.net_if_start_dad
                0x0000000008048b38        0x0 /usr/lib/gcc/x86_64-linux-gnu/11/../../../../lib32/Scrt1.o
 .rel.text.net_if_ipv6_addr_rm
                0x0000000008048b38        0x0 /usr/lib/gcc/x86_64-linux-gnu/11/../../../../lib32/Scrt1.o
 .rel.text.prefix_lifetime_timeout
                0x0000000008048b38        0x0 /usr/lib/gcc/x86_64-linux-gnu/11/../../../../lib32/Scrt1.o
 .rel.text.net_if_ipv6_maddr_lookup
                0x0000000008048b38        0x0 /usr/lib/gcc/x86_64-linux-gnu/11/../../../../lib32/Scrt1.o
 .rel.text.net_if_ipv6_maddr_add
                0x0000000008048b38        0x0 /usr/lib/gcc/x86_64-linux-gnu/11/../../../../lib32/Scrt1.o
 .rel.text.net_if_ipv6_prefix_add
                0x0000000008048b38        0x0 /usr/lib/gcc/x86_64-linux-gnu/11/../../../../lib32/Scrt1.o
 .rel.text.net_if_ipv6_addr_onlink
                0x0000000008048b38        0x0 /usr/lib/gcc/x86_64-linux-gnu/11/../../../../lib32/Scrt1.o
 .rel.text.net_if_ipv6_select_src_addr
                0x0000000008048b38        0x0 /usr/lib/gcc/x86_64-linux-gnu/11/../../../../lib32/Scrt1.o
 .rel.text.net_if_ipv6_select_src_iface
                0x0000000008048b38        0x0 /usr/lib/gcc/x86_64-linux-gnu/11/../../../../lib32/Scrt1.o
 .rel.text.net_if_ipv4_is_addr_bcast
                0x0000000008048b38        0x0 /usr/lib/gcc/x86_64-linux-gnu/11/../../../../lib32/Scrt1.o
 .rel.text.net_if_ipv4_select_src_iface
                0x0000000008048b38        0x0 /usr/lib/gcc/x86_64-linux-gnu/11/../../../../lib32/Scrt1.o
 .rel.text.net_if_ipv4_select_src_addr
                0x0000000008048b38        0x0 /usr/lib/gcc/x86_64-linux-gnu/11/../../../../lib32/Scrt1.o
 .rel.text.net_if_ipv4_addr_lookup
                0x0000000008048b38        0x0 /usr/lib/gcc/x86_64-linux-gnu/11/../../../../lib32/Scrt1.o
 .rel.text.net_if_ipv4_maddr_lookup
                0x0000000008048b38        0x0 /usr/lib/gcc/x86_64-linux-gnu/11/../../../../lib32/Scrt1.o
 .rel.text.net_if_tx.isra.0
                0x0000000008048b38        0x0 /usr/lib/gcc/x86_64-linux-gnu/11/../../../../lib32/Scrt1.o
 .rel.text.net_if_get_by_iface
                0x0000000008048b38        0x0 /usr/lib/gcc/x86_64-linux-gnu/11/../../../../lib32/Scrt1.o
 .rel.text.net_if_init
                0x0000000008048b38        0x0 /usr/lib/gcc/x86_64-linux-gnu/11/../../../../lib32/Scrt1.o
 .rel.text.net_if_post_init
                0x0000000008048b38        0x0 /usr/lib/gcc/x86_64-linux-gnu/11/../../../../lib32/Scrt1.o
 .rel.text.convert_port
                0x0000000008048b38        0x0 /usr/lib/gcc/x86_64-linux-gnu/11/../../../../lib32/Scrt1.o
 .rel.text.z_impl_net_addr_pton
                0x0000000008048b38        0x0 /usr/lib/gcc/x86_64-linux-gnu/11/../../../../lib32/Scrt1.o
 .rel.text.parse_ipv6
                0x0000000008048b38        0x0 /usr/lib/gcc/x86_64-linux-gnu/11/../../../../lib32/Scrt1.o
 .rel.text.parse_ipv4
                0x0000000008048b38        0x0 /usr/lib/gcc/x86_64-linux-gnu/11/../../../../lib32/Scrt1.o
 .rel.text.check_used_port
                0x0000000008048b38        0x0 /usr/lib/gcc/x86_64-linux-gnu/11/../../../../lib32/Scrt1.o
 .rel.text.net_context_bind
                0x0000000008048b38        0x0 /usr/lib/gcc/x86_64-linux-gnu/11/../../../../lib32/Scrt1.o
 .rel.text.bind_default
                0x0000000008048b38        0x0 /usr/lib/gcc/x86_64-linux-gnu/11/../../../../lib32/Scrt1.o
 .rel.text.net_context_recv
                0x0000000008048b38        0x0 /usr/lib/gcc/x86_64-linux-gnu/11/../../../../lib32/Scrt1.o
 .rel.text.pkt_alloc
                0x0000000008048b38        0x0 /usr/lib/gcc/x86_64-linux-gnu/11/../../../../lib32/Scrt1.o
 .rel.text.net_pkt_read_be32
                0x0000000008048b38        0x0 /usr/lib/gcc/x86_64-linux-gnu/11/../../../../lib32/Scrt1.o
 .rel.text.conn_addr_cmp
                0x0000000008048b38        0x0 /usr/lib/gcc/x86_64-linux-gnu/11/../../../../lib32/Scrt1.o
 .rel.text.net_conn_register
                0x0000000008048b38        0x0 /usr/lib/gcc/x86_64-linux-gnu/11/../../../../lib32/Scrt1.o
 .rel.text.net_conn_input
                0x0000000008048b38        0x0 /usr/lib/gcc/x86_64-linux-gnu/11/../../../../lib32/Scrt1.o
 .rel.text.icmpv4_create
                0x0000000008048b38        0x0 /usr/lib/gcc/x86_64-linux-gnu/11/../../../../lib32/Scrt1.o
 .rel.text.net_icmpv4_finalize
                0x0000000008048b38        0x0 /usr/lib/gcc/x86_64-linux-gnu/11/../../../../lib32/Scrt1.o
 .rel.text.net_icmpv4_send_error
                0x0000000008048b38        0x0 /usr/lib/gcc/x86_64-linux-gnu/11/../../../../lib32/Scrt1.o
 .rel.text.net_icmpv4_input
                0x0000000008048b38        0x0 /usr/lib/gcc/x86_64-linux-gnu/11/../../../../lib32/Scrt1.o
 .rel.text.net_ipv4_create_full
                0x0000000008048b38        0x0 /usr/lib/gcc/x86_64-linux-gnu/11/../../../../lib32/Scrt1.o
 .rel.text.net_ipv4_finalize
                0x0000000008048b38        0x0 /usr/lib/gcc/x86_64-linux-gnu/11/../../../../lib32/Scrt1.o
 .rel.text.net_ipv4_input
                0x0000000008048b38        0x0 /usr/lib/gcc/x86_64-linux-gnu/11/../../../../lib32/Scrt1.o
 .rel.text.net_icmpv6_finalize
                0x0000000008048b38        0x0 /usr/lib/gcc/x86_64-linux-gnu/11/../../../../lib32/Scrt1.o
 .rel.text.net_icmpv6_create
                0x0000000008048b38        0x0 /usr/lib/gcc/x86_64-linux-gnu/11/../../../../lib32/Scrt1.o
 .rel.text.net_icmpv6_send_error
                0x0000000008048b38        0x0 /usr/lib/gcc/x86_64-linux-gnu/11/../../../../lib32/Scrt1.o
 .rel.text.net_icmpv6_input
                0x0000000008048b38        0x0 /usr/lib/gcc/x86_64-linux-gnu/11/../../../../lib32/Scrt1.o
 .rel.text.net_nbr_link
                0x0000000008048b38        0x0 /usr/lib/gcc/x86_64-linux-gnu/11/../../../../lib32/Scrt1.o
 .rel.text.net_ipv6_create
                0x0000000008048b38        0x0 /usr/lib/gcc/x86_64-linux-gnu/11/../../../../lib32/Scrt1.o
 .rel.text.net_ipv6_finalize
                0x0000000008048b38        0x0 /usr/lib/gcc/x86_64-linux-gnu/11/../../../../lib32/Scrt1.o
 .rel.text.net_ipv6_input
                0x0000000008048b38        0x0 /usr/lib/gcc/x86_64-linux-gnu/11/../../../../lib32/Scrt1.o
 .rel.text.set_llao
                0x0000000008048b38        0x0 /usr/lib/gcc/x86_64-linux-gnu/11/../../../../lib32/Scrt1.o
 .rel.text.dbg_update_neighbor_lladdr.constprop.0
                0x0000000008048b38        0x0 /usr/lib/gcc/x86_64-linux-gnu/11/../../../../lib32/Scrt1.o
 .rel.text.nbr_lookup.constprop.0
                0x0000000008048b38        0x0 /usr/lib/gcc/x86_64-linux-gnu/11/../../../../lib32/Scrt1.o
 .rel.text.nbr_new
                0x0000000008048b38        0x0 /usr/lib/gcc/x86_64-linux-gnu/11/../../../../lib32/Scrt1.o
 .rel.text.net_ipv6_send_na
                0x0000000008048b38        0x0 /usr/lib/gcc/x86_64-linux-gnu/11/../../../../lib32/Scrt1.o
 .rel.text.handle_na_input
                0x0000000008048b38        0x0 /usr/lib/gcc/x86_64-linux-gnu/11/../../../../lib32/Scrt1.o
 .rel.text.net_ipv6_send_ns
                0x0000000008048b38        0x0 /usr/lib/gcc/x86_64-linux-gnu/11/../../../../lib32/Scrt1.o
 .rel.text.net_ipv6_nbr_add
                0x0000000008048b38        0x0 /usr/lib/gcc/x86_64-linux-gnu/11/../../../../lib32/Scrt1.o
 .rel.text.handle_ra_input
                0x0000000008048b38        0x0 /usr/lib/gcc/x86_64-linux-gnu/11/../../../../lib32/Scrt1.o
 .rel.text.handle_ns_input
                0x0000000008048b38        0x0 /usr/lib/gcc/x86_64-linux-gnu/11/../../../../lib32/Scrt1.o
 .rel.text.net_ipv6_prepare_for_send
                0x0000000008048b38        0x0 /usr/lib/gcc/x86_64-linux-gnu/11/../../../../lib32/Scrt1.o
 .rel.text.net_ipv6_send_rs
                0x0000000008048b38        0x0 /usr/lib/gcc/x86_64-linux-gnu/11/../../../../lib32/Scrt1.o
 .rel.text.net_pkt_write_be16
                0x0000000008048b38        0x0 /usr/lib/gcc/x86_64-linux-gnu/11/../../../../lib32/Scrt1.o
 .rel.text.mld_create
                0x0000000008048b38        0x0 /usr/lib/gcc/x86_64-linux-gnu/11/../../../../lib32/Scrt1.o
 .rel.text.mld_create_packet
                0x0000000008048b38        0x0 /usr/lib/gcc/x86_64-linux-gnu/11/../../../../lib32/Scrt1.o
 .rel.text.handle_mld_query
                0x0000000008048b38        0x0 /usr/lib/gcc/x86_64-linux-gnu/11/../../../../lib32/Scrt1.o
 .rel.text.net_route_lookup
                0x0000000008048b38        0x0 /usr/lib/gcc/x86_64-linux-gnu/11/../../../../lib32/Scrt1.o
 .rel.text.net_route_add
                0x0000000008048b38        0x0 /usr/lib/gcc/x86_64-linux-gnu/11/../../../../lib32/Scrt1.o
 .rel.text.net_route_packet
                0x0000000008048b38        0x0 /usr/lib/gcc/x86_64-linux-gnu/11/../../../../lib32/Scrt1.o
 .rel.text.net_udp_create
                0x0000000008048b38        0x0 /usr/lib/gcc/x86_64-linux-gnu/11/../../../../lib32/Scrt1.o
 .rel.text.net_udp_finalize
                0x0000000008048b38        0x0 /usr/lib/gcc/x86_64-linux-gnu/11/../../../../lib32/Scrt1.o
 .rel.text.dns_msg_pack_qname
                0x0000000008048b38        0x0 /usr/lib/gcc/x86_64-linux-gnu/11/../../../../lib32/Scrt1.o
 .rel.text.dns_server_exists
                0x0000000008048b38        0x0 /usr/lib/gcc/x86_64-linux-gnu/11/../../../../lib32/Scrt1.o
 .rel.text.dns_resolve_init_locked
                0x0000000008048b38        0x0 /usr/lib/gcc/x86_64-linux-gnu/11/../../../../lib32/Scrt1.o
 .rel.text.dns_resolve_cancel_with_name
                0x0000000008048b38        0x0 /usr/lib/gcc/x86_64-linux-gnu/11/../../../../lib32/Scrt1.o
 .rel.text.cb_recv
                0x0000000008048b38        0x0 /usr/lib/gcc/x86_64-linux-gnu/11/../../../../lib32/Scrt1.o
 .rel.text.dns_resolve_name
                0x0000000008048b38        0x0 /usr/lib/gcc/x86_64-linux-gnu/11/../../../../lib32/Scrt1.o
 .rel.text.dns_resolve_reconfigure
                0x0000000008048b38        0x0 /usr/lib/gcc/x86_64-linux-gnu/11/../../../../lib32/Scrt1.o
 .rel.text.http_parser_execute
                0x0000000008048b38        0x0 /usr/lib/gcc/x86_64-linux-gnu/11/../../../../lib32/Scrt1.o
 .rel.text.on_header_value
                0x0000000008048b38        0x0 /usr/lib/gcc/x86_64-linux-gnu/11/../../../../lib32/Scrt1.o
 .rel.text.on_header_field
                0x0000000008048b38        0x0 /usr/lib/gcc/x86_64-linux-gnu/11/../../../../lib32/Scrt1.o
 .rel.text.sendall
                0x0000000008048b38        0x0 /usr/lib/gcc/x86_64-linux-gnu/11/../../../../lib32/Scrt1.o
 .rel.text.http_send_data.constprop.0
                0x0000000008048b38        0x0 /usr/lib/gcc/x86_64-linux-gnu/11/../../../../lib32/Scrt1.o
 .rel.text.http_client_req
                0x0000000008048b38        0x0 /usr/lib/gcc/x86_64-linux-gnu/11/../../../../lib32/Scrt1.o
 .rel.text.native_posix_console_init
                0x0000000008048b38        0x0 /usr/lib/gcc/x86_64-linux-gnu/11/../../../../lib32/Scrt1.o
 .rel.text.entropy_native_posix_get_entropy
                0x0000000008048b38        0x0 /usr/lib/gcc/x86_64-linux-gnu/11/../../../../lib32/Scrt1.o
 .rel.text.entropy_native_posix_init
                0x0000000008048b38        0x0 /usr/lib/gcc/x86_64-linux-gnu/11/../../../../lib32/Scrt1.o
 .rel.text.eth_iface_create
                0x0000000008048b38        0x0 /usr/lib/gcc/x86_64-linux-gnu/11/../../../../lib32/Scrt1.o
 .rel.text.eth_wait_data
                0x0000000008048b38        0x0 /usr/lib/gcc/x86_64-linux-gnu/11/../../../../lib32/Scrt1.o
 .rel.text.eth_read_data
                0x0000000008048b38        0x0 /usr/lib/gcc/x86_64-linux-gnu/11/../../../../lib32/Scrt1.o
 .rel.text.eth_write_data
                0x0000000008048b38        0x0 /usr/lib/gcc/x86_64-linux-gnu/11/../../../../lib32/Scrt1.o
 .rel.text.z_impl_device_get_binding
                0x0000000008048b38        0x0 /usr/lib/gcc/x86_64-linux-gnu/11/../../../../lib32/Scrt1.o
 .rel.text.z_fatal_error
                0x0000000008048b38        0x0 /usr/lib/gcc/x86_64-linux-gnu/11/../../../../lib32/Scrt1.o
 .rel.text.statics_init
                0x0000000008048b38        0x0 /usr/lib/gcc/x86_64-linux-gnu/11/../../../../lib32/Scrt1.o
 .rel.text.init_mem_slab_module
                0x0000000008048b38        0x0 /usr/lib/gcc/x86_64-linux-gnu/11/../../../../lib32/Scrt1.o
 .rel.text.z_init_static_threads
                0x0000000008048b38        0x0 /usr/lib/gcc/x86_64-linux-gnu/11/../../../../lib32/Scrt1.o
 .rel.text.work_timeout
                0x0000000008048b38        0x0 /usr/lib/gcc/x86_64-linux-gnu/11/../../../../lib32/Scrt1.o
 .rel.text.k_sys_work_q_init
                0x0000000008048b38        0x0 /usr/lib/gcc/x86_64-linux-gnu/11/../../../../lib32/Scrt1.o
 *(SORT_BY_ALIGNMENT(.rel.fini))
 *(SORT_BY_ALIGNMENT(.rel.rodata) SORT_BY_ALIGNMENT(.rel.rodata.*) SORT_BY_ALIGNMENT(.rel.gnu.linkonce.r.*))
 .rel.rodata.native_pre_tasks.0
                0x0000000008048b38        0x0 /usr/lib/gcc/x86_64-linux-gnu/11/../../../../lib32/Scrt1.o
 .rel.rodata.levels.0
                0x0000000008048b38        0x0 /usr/lib/gcc/x86_64-linux-gnu/11/../../../../lib32/Scrt1.o
 *(SORT_BY_ALIGNMENT(.rel.data.rel.ro) SORT_BY_ALIGNMENT(.rel.data.rel.ro.*) SORT_BY_ALIGNMENT(.rel.gnu.linkonce.d.rel.ro.*))
 .rel.data.rel.ro
                0x0000000008048b38        0x0 /usr/lib/gcc/x86_64-linux-gnu/11/../../../../lib32/Scrt1.o
 *(SORT_BY_ALIGNMENT(.rel.data) SORT_BY_ALIGNMENT(.rel.data.*) SORT_BY_ALIGNMENT(.rel.gnu.linkonce.d.*))
 .rel.data._char_out
                0x0000000008048b38        0x0 /usr/lib/gcc/x86_64-linux-gnu/11/../../../../lib32/Scrt1.o
 *(SORT_BY_ALIGNMENT(.rel.tdata) SORT_BY_ALIGNMENT(.rel.tdata.*) SORT_BY_ALIGNMENT(.rel.gnu.linkonce.td.*))
 *(SORT_BY_ALIGNMENT(.rel.tbss) SORT_BY_ALIGNMENT(.rel.tbss.*) SORT_BY_ALIGNMENT(.rel.gnu.linkonce.tb.*))
 *(SORT_BY_ALIGNMENT(.rel.ctors))
 *(SORT_BY_ALIGNMENT(.rel.dtors))
 *(SORT_BY_ALIGNMENT(.rel.got))
 .rel.got       0x0000000008048b38       0x20 /usr/lib/gcc/x86_64-linux-gnu/11/../../../../lib32/Scrt1.o
 *(SORT_BY_ALIGNMENT(.rel.bss) SORT_BY_ALIGNMENT(.rel.bss.*) SORT_BY_ALIGNMENT(.rel.gnu.linkonce.b.*))
 .rel.bss       0x0000000008048b58       0x10 /usr/lib/gcc/x86_64-linux-gnu/11/../../../../lib32/Scrt1.o
 *(SORT_BY_ALIGNMENT(.rel.ifunc))

.rel.plt        0x0000000008048b68      0x1e8
 *(SORT_BY_ALIGNMENT(.rel.plt))
 .rel.plt       0x0000000008048b68      0x1e8 /usr/lib/gcc/x86_64-linux-gnu/11/../../../../lib32/Scrt1.o
                [!provide]                        PROVIDE (__rel_iplt_start = .)
 *(SORT_BY_ALIGNMENT(.rel.iplt))
 .rel.iplt      0x0000000008048d50        0x0 /usr/lib/gcc/x86_64-linux-gnu/11/../../../../lib32/Scrt1.o
                [!provide]                        PROVIDE (__rel_iplt_end = .)

.relr.dyn
 *(SORT_BY_ALIGNMENT(.relr.dyn))
                0x0000000008049000                . = ALIGN (CONSTANT (MAXPAGESIZE))

.init           0x0000000008049000       0x24
 *(SORT_NONE(.init))
 .init          0x0000000008049000       0x1f /usr/lib/gcc/x86_64-linux-gnu/11/../../../../lib32/crti.o
                0x0000000008049000                _init
 .init          0x000000000804901f        0x5 /usr/lib/gcc/x86_64-linux-gnu/11/../../../../lib32/crtn.o

.plt            0x0000000008049030      0x3e0
 *(SORT_BY_ALIGNMENT(.plt))
 .plt           0x0000000008049030      0x3e0 /usr/lib/gcc/x86_64-linux-gnu/11/../../../../lib32/Scrt1.o
                0x0000000008049040                __errno_location@@GLIBC_2.0
                0x0000000008049050                sigemptyset@@GLIBC_2.0
                0x0000000008049060                open@@GLIBC_2.0
                0x0000000008049070                memcmp@@GLIBC_2.0
                0x0000000008049080                pthread_exit@@GLIBC_2.0
                0x0000000008049090                random@@GLIBC_2.0
                0x00000000080490a0                clock_gettime@@GLIBC_2.17
                0x00000000080490b0                __fprintf_chk@@GLIBC_2.3.4
                0x00000000080490c0                realloc@@GLIBC_2.0
                0x00000000080490d0                __printf_chk@@GLIBC_2.3.4
                0x00000000080490e0                strtod@@GLIBC_2.0
                0x00000000080490f0                strchr@@GLIBC_2.0
                0x0000000008049100                calloc@@GLIBC_2.0
                0x0000000008049110                strncpy@@GLIBC_2.0
                0x0000000008049120                putchar@@GLIBC_2.0
                0x0000000008049130                write@@GLIBC_2.0
                0x0000000008049140                __memcpy_chk@@GLIBC_2.3.4
                0x0000000008049150                strrchr@@GLIBC_2.0
                0x0000000008049160                read@@GLIBC_2.0
                0x0000000008049170                strtoll@@GLIBC_2.0
                0x0000000008049180                strtol@@GLIBC_2.0
                0x0000000008049190                pthread_create@@GLIBC_2.34
                0x00000000080491a0                free@@GLIBC_2.0
                0x00000000080491b0                strtoull@@GLIBC_2.0
                0x00000000080491c0                sigaction@@GLIBC_2.0
                0x00000000080491d0                __vfprintf_chk@@GLIBC_2.3.4
                0x00000000080491e0                ioctl@@GLIBC_2.0
                0x00000000080491f0                __ctype_b_loc@@GLIBC_2.3
                0x0000000008049200                pthread_mutex_unlock@@GLIBC_2.0
                0x0000000008049210                isatty@@GLIBC_2.0
                0x0000000008049220                nanosleep@@GLIBC_2.0
                0x0000000008049230                strtoul@@GLIBC_2.0
                0x0000000008049240                strlen@@GLIBC_2.0
                0x0000000008049250                strcpy@@GLIBC_2.0
                0x0000000008049260                pthread_detach@@GLIBC_2.34
                0x0000000008049270                __strcpy_chk@@GLIBC_2.3.4
                0x0000000008049280                pthread_cancel@@GLIBC_2.34
                0x0000000008049290                strcasecmp@@GLIBC_2.0
                0x00000000080492a0                select@@GLIBC_2.0
                0x00000000080492b0                srandom@@GLIBC_2.0
                0x00000000080492c0                close@@GLIBC_2.0
                0x00000000080492d0                setvbuf@@GLIBC_2.0
                0x00000000080492e0                malloc@@GLIBC_2.0
                0x00000000080492f0                pthread_mutex_lock@@GLIBC_2.0
                0x0000000008049300                __stack_chk_fail@@GLIBC_2.4
                0x0000000008049310                strnlen@@GLIBC_2.0
                0x0000000008049320                sleep@@GLIBC_2.0
                0x0000000008049330                pthread_cond_wait@@GLIBC_2.3.2
                0x0000000008049340                strncasecmp@@GLIBC_2.0
                0x0000000008049350                memchr@@GLIBC_2.0
                0x0000000008049360                __snprintf_chk@@GLIBC_2.3.4
                0x0000000008049370                __pthread_unwind_next@@GLIBC_2.34
                0x0000000008049380                snprintf@@GLIBC_2.0
                0x0000000008049390                __pthread_register_cancel@@GLIBC_2.34
                0x00000000080493a0                __libc_start_main@@GLIBC_2.34
                0x00000000080493b0                pthread_cond_broadcast@@GLIBC_2.3.2
                0x00000000080493c0                strcmp@@GLIBC_2.0
                0x00000000080493d0                __sigsetjmp@@GLIBC_2.0
                0x00000000080493e0                exit@@GLIBC_2.0
                0x00000000080493f0                pthread_self@@GLIBC_2.0
                0x0000000008049400                __fdelt_chk@@GLIBC_2.15
 *(SORT_BY_ALIGNMENT(.iplt))
 .iplt          0x0000000008049410        0x0 /usr/lib/gcc/x86_64-linux-gnu/11/../../../../lib32/Scrt1.o

.plt.got        0x0000000008049410        0x8
 *(SORT_BY_ALIGNMENT(.plt.got))
 .plt.got       0x0000000008049410        0x8 /usr/lib/gcc/x86_64-linux-gnu/11/../../../../lib32/Scrt1.o
                0x0000000008049410                __cxa_finalize@@GLIBC_2.1.3

.plt.sec
 *(SORT_BY_ALIGNMENT(.plt.sec))

.text           0x0000000008049420    0x17d79
 *(SORT_BY_ALIGNMENT(.text.unlikely) SORT_BY_ALIGNMENT(.text.*_unlikely) SORT_BY_ALIGNMENT(.text.unlikely.*))
 *(SORT_BY_ALIGNMENT(.text.exit) SORT_BY_ALIGNMENT(.text.exit.*))
 *(SORT_BY_ALIGNMENT(.text.startup) SORT_BY_ALIGNMENT(.text.startup.*))
 *(SORT_BY_ALIGNMENT(.text.hot) SORT_BY_ALIGNMENT(.text.hot.*))
 *(SORT_BY_NAME(SORT_BY_ALIGNMENT(.text.sorted.*)))
 *(SORT_BY_ALIGNMENT(.text) SORT_BY_ALIGNMENT(.stub) SORT_BY_ALIGNMENT(.text.*) SORT_BY_ALIGNMENT(.gnu.linkonce.t.*))
 .text          0x0000000008049420       0x30 /usr/lib/gcc/x86_64-linux-gnu/11/../../../../lib32/Scrt1.o
                0x0000000008049420                _start
 .text.__x86.get_pc_thunk.bx
                0x0000000008049450        0x4 /usr/lib/gcc/x86_64-linux-gnu/11/../../../../lib32/crti.o
                0x0000000008049450                __x86.get_pc_thunk.bx
 *fill*         0x0000000008049454        0xc 
 .text          0x0000000008049460       0xe9 /usr/lib/gcc/x86_64-linux-gnu/11/32/crtbeginS.o
 *fill*         0x0000000008049549        0x7 
 .text          0x0000000008049550      0x112 /usr/lib/gcc/x86_64-linux-gnu/11/32/libgcc.a(_udivdi3.o)
                0x0000000008049550                __udivdi3
 *fill*         0x0000000008049662        0xe 
 .text          0x0000000008049670      0x1e7 /usr/lib/gcc/x86_64-linux-gnu/11/32/libgcc.a(_udivmoddi4.o)
                0x0000000008049670                __udivmoddi4
 .text.__x86.get_pc_thunk.dx
                0x0000000008049857        0x4 /usr/lib/gcc/x86_64-linux-gnu/11/32/crtbeginS.o
                0x0000000008049857                __x86.get_pc_thunk.dx
 .text._posix_zephyr_main
                0x000000000804985b       0x6d app/libapp.a(main.c.obj)
                0x000000000804985b                _posix_zephyr_main
 .text.on_http_response
                0x00000000080498c8       0x48 app/libapp.a(server_module.c.obj)
 .text.server_work_handler
                0x0000000008049910      0x20f app/libapp.a(server_module.c.obj)
 .text.server_module_init
                0x0000000008049b1f       0x32 app/libapp.a(server_module.c.obj)
                0x0000000008049b1f                server_module_init
 .text.server_send_van_location
                0x0000000008049b51      0x174 app/libapp.a(server_module.c.obj)
                0x0000000008049b51                server_send_van_location
 .text._check_fd
                0x0000000008049cc5       0x2a zephyr/libzephyr.a(fdtable.c.obj)
 .text.z_fdtable_call_ioctl.constprop.0
                0x0000000008049cef       0x1d zephyr/libzephyr.a(fdtable.c.obj)
 .text.z_get_fd_obj_and_vtable
                0x0000000008049d0c       0x42 zephyr/libzephyr.a(fdtable.c.obj)
                0x0000000008049d0c                z_get_fd_obj_and_vtable
 .text.z_reserve_fd
                0x0000000008049d4e       0x82 zephyr/libzephyr.a(fdtable.c.obj)
                0x0000000008049d4e                z_reserve_fd
 .text.z_finalize_fd
                0x0000000008049dd0       0x3f zephyr/libzephyr.a(fdtable.c.obj)
                0x0000000008049dd0                z_finalize_fd
 .text.z_free_fd
                0x0000000008049e0f       0x42 zephyr/libzephyr.a(fdtable.c.obj)
                0x0000000008049e0f                z_free_fd
 .text.arch_printk_char_out
                0x0000000008049e51        0x3 zephyr/libzephyr.a(printk.c.obj)
                0x0000000008049e51                arch_printk_char_out
 .text.char_out
                0x0000000008049e54        0x6 zephyr/libzephyr.a(printk.c.obj)
 .text.str_out  0x0000000008049e5a       0x3b zephyr/libzephyr.a(printk.c.obj)
 .text.__printk_hook_install
                0x0000000008049e95        0xd zephyr/libzephyr.a(printk.c.obj)
                0x0000000008049e95                __printk_hook_install
 .text.vprintk  0x0000000008049ea2       0x1f zephyr/libzephyr.a(printk.c.obj)
                0x0000000008049ea2                vprintk
 .text.printk   0x0000000008049ec1       0x17 zephyr/libzephyr.a(printk.c.obj)
                0x0000000008049ec1                printk
 .text.vsnprintk
                0x0000000008049ed8       0x60 zephyr/libzephyr.a(printk.c.obj)
                0x0000000008049ed8                vsnprintk
 .text.snprintk
                0x0000000008049f38       0x1d zephyr/libzephyr.a(printk.c.obj)
                0x0000000008049f38                snprintk
 .text.z_thread_entry
                0x0000000008049f55       0x3a zephyr/libzephyr.a(thread_entry.c.obj)
                0x0000000008049f55                z_thread_entry
 .text.chunk_size
                0x0000000008049f8f        0x8 zephyr/libzephyr.a(heap.c.obj)
 .text.set_chunk_used
                0x0000000008049f97       0x20 zephyr/libzephyr.a(heap.c.obj)
 .text.free_list_add
                0x0000000008049fb7       0x7f zephyr/libzephyr.a(heap.c.obj)
 .text.free_list_remove_bidx
                0x000000000804a036       0x46 zephyr/libzephyr.a(heap.c.obj)
 .text.free_list_remove
                0x000000000804a07c       0x23 zephyr/libzephyr.a(heap.c.obj)
 .text.alloc_chunk
                0x000000000804a09f       0x87 zephyr/libzephyr.a(heap.c.obj)
 .text.merge_chunks
                0x000000000804a126       0x3c zephyr/libzephyr.a(heap.c.obj)
 .text.split_chunks
                0x000000000804a162       0x47 zephyr/libzephyr.a(heap.c.obj)
 .text.free_chunk
                0x000000000804a1a9       0x72 zephyr/libzephyr.a(heap.c.obj)
 .text.sys_heap_free
                0x000000000804a21b       0x35 zephyr/libzephyr.a(heap.c.obj)
                0x000000000804a21b                sys_heap_free
 .text.sys_heap_alloc
                0x000000000804a250       0x73 zephyr/libzephyr.a(heap.c.obj)
                0x000000000804a250                sys_heap_alloc
 .text.sys_heap_aligned_alloc
                0x000000000804a2c3       0xf9 zephyr/libzephyr.a(heap.c.obj)
                0x000000000804a2c3                sys_heap_aligned_alloc
 .text.sys_heap_init
                0x000000000804a3bc       0xb4 zephyr/libzephyr.a(heap.c.obj)
                0x000000000804a3bc                sys_heap_init
 .text.crc16_reflect
                0x000000000804a470       0x3c zephyr/libzephyr.a(crc16_sw.c.obj)
                0x000000000804a470                crc16_reflect
 .text.outs     0x000000000804a4ac       0x4b zephyr/libzephyr.a(cbprintf_complete.c.obj)
 .text.extract_decimal
                0x000000000804a4f7       0x37 zephyr/libzephyr.a(cbprintf_complete.c.obj)
 .text.encode_uint
                0x000000000804a52e       0xdb zephyr/libzephyr.a(cbprintf_complete.c.obj)
 .text.z_cbvprintf_impl
                0x000000000804a609      0x7f2 zephyr/libzephyr.a(cbprintf_complete.c.obj)
                0x000000000804a609                z_cbvprintf_impl
 .text.assert_print
                0x000000000804adfb       0x17 zephyr/libzephyr.a(assert.c.obj)
                0x000000000804adfb                assert_print
 .text._ConfigAbsSyms
                0x000000000804ae12        0x1 zephyr/libzephyr.a(configs.c.obj)
                0x000000000804ae12                _ConfigAbsSyms
 .text.sys_trace_isr_enter
                0x000000000804ae13        0x1 zephyr/libzephyr.a(tracing_none.c.obj)
                0x000000000804ae13                sys_trace_isr_enter
 .text.sys_trace_isr_exit
                0x000000000804ae14        0x1 zephyr/libzephyr.a(tracing_none.c.obj)
                0x000000000804ae14                sys_trace_isr_exit
 .text.sys_trace_idle
                0x000000000804ae15        0x1 zephyr/libzephyr.a(tracing_none.c.obj)
                0x000000000804ae15                sys_trace_idle
 .text.dns_resolve_cb
                0x000000000804ae16       0xcd zephyr/libzephyr.a(getaddrinfo.c.obj)
 .text.exec_query
                0x000000000804aee3       0x9d zephyr/libzephyr.a(getaddrinfo.c.obj)
 .text.z_impl_z_zsock_getaddrinfo_internal
                0x000000000804af80      0x24d zephyr/libzephyr.a(getaddrinfo.c.obj)
                0x000000000804af80                z_impl_z_zsock_getaddrinfo_internal
 .text.zsock_getaddrinfo
                0x000000000804b1cd      0x195 zephyr/libzephyr.a(getaddrinfo.c.obj)
                0x000000000804b1cd                zsock_getaddrinfo
 .text.inet_is_supported
                0x000000000804b362        0xf zephyr/libzephyr.a(sockets.c.obj)
 .text.sock_ioctl_vmeth
                0x000000000804b371      0x134 zephyr/libzephyr.a(sockets.c.obj)
 .text.z_fdtable_call_ioctl
                0x000000000804b4a5       0x1b zephyr/libzephyr.a(sockets.c.obj)
 .text.zsock_connected_cb
                0x000000000804b4c0       0x37 zephyr/libzephyr.a(sockets.c.obj)
 .text.timeout_recalc
                0x000000000804b4f7       0x5c zephyr/libzephyr.a(sockets.c.obj)
 .text.k_mutex_lock.constprop.0.isra.0
                0x000000000804b553       0x17 zephyr/libzephyr.a(sockets.c.obj)
 .text.zsock_socket_internal
                0x000000000804b56a       0xf5 zephyr/libzephyr.a(sockets.c.obj)
 .text.k_mutex_unlock.isra.0
                0x000000000804b65f       0x11 zephyr/libzephyr.a(sockets.c.obj)
 .text.zsock_flush_queue
                0x000000000804b670       0x5f zephyr/libzephyr.a(sockets.c.obj)
 .text.zsock_accepted_cb
                0x000000000804b6cf       0x63 zephyr/libzephyr.a(sockets.c.obj)
 .text.zsock_received_cb
                0x000000000804b732       0x93 zephyr/libzephyr.a(sockets.c.obj)
 .text.send_check_and_wait
                0x000000000804b7c5      0x11f zephyr/libzephyr.a(sockets.c.obj)
 .text.z_impl_zsock_socket
                0x000000000804b8e4       0x6d zephyr/libzephyr.a(sockets.c.obj)
                0x000000000804b8e4                z_impl_zsock_socket
 .text.zsock_close_ctx
                0x000000000804b951       0x68 zephyr/libzephyr.a(sockets.c.obj)
                0x000000000804b951                zsock_close_ctx
 .text.sock_close_vmeth
                0x000000000804b9b9        0x5 zephyr/libzephyr.a(sockets.c.obj)
 .text.z_impl_zsock_close
                0x000000000804b9be       0x87 zephyr/libzephyr.a(sockets.c.obj)
                0x000000000804b9be                z_impl_zsock_close
 .text.zsock_shutdown_ctx
                0x000000000804ba45       0x9d zephyr/libzephyr.a(sockets.c.obj)
                0x000000000804ba45                zsock_shutdown_ctx
 .text.sock_shutdown_vmeth
                0x000000000804bae2        0x5 zephyr/libzephyr.a(sockets.c.obj)
 .text.zsock_bind_ctx
                0x000000000804bae7       0x69 zephyr/libzephyr.a(sockets.c.obj)
                0x000000000804bae7                zsock_bind_ctx
 .text.sock_bind_vmeth
                0x000000000804bb50        0x5 zephyr/libzephyr.a(sockets.c.obj)
 .text.zsock_connect_ctx
                0x000000000804bb55       0xd1 zephyr/libzephyr.a(sockets.c.obj)
                0x000000000804bb55                zsock_connect_ctx
 .text.sock_connect_vmeth
                0x000000000804bc26        0x5 zephyr/libzephyr.a(sockets.c.obj)
 .text.z_impl_zsock_connect
                0x000000000804bc2b       0x95 zephyr/libzephyr.a(sockets.c.obj)
                0x000000000804bc2b                z_impl_zsock_connect
 .text.zsock_listen_ctx
                0x000000000804bcc0       0x4d zephyr/libzephyr.a(sockets.c.obj)
                0x000000000804bcc0                zsock_listen_ctx
 .text.sock_listen_vmeth
                0x000000000804bd0d        0x5 zephyr/libzephyr.a(sockets.c.obj)
 .text.zsock_accept_ctx
                0x000000000804bd12      0x19a zephyr/libzephyr.a(sockets.c.obj)
                0x000000000804bd12                zsock_accept_ctx
 .text.sock_accept_vmeth
                0x000000000804beac        0x5 zephyr/libzephyr.a(sockets.c.obj)
 .text.zsock_sendto_ctx
                0x000000000804beb1      0x14d zephyr/libzephyr.a(sockets.c.obj)
                0x000000000804beb1                zsock_sendto_ctx
 .text.sock_sendto_vmeth
                0x000000000804bffe        0x5 zephyr/libzephyr.a(sockets.c.obj)
 .text.sock_write_vmeth
                0x000000000804c003       0x1f zephyr/libzephyr.a(sockets.c.obj)
 .text.z_impl_zsock_sendto
                0x000000000804c022       0xa2 zephyr/libzephyr.a(sockets.c.obj)
                0x000000000804c022                z_impl_zsock_sendto
 .text.zsock_sendmsg_ctx
                0x000000000804c0c4       0xf1 zephyr/libzephyr.a(sockets.c.obj)
                0x000000000804c0c4                zsock_sendmsg_ctx
 .text.sock_sendmsg_vmeth
                0x000000000804c1b5        0x5 zephyr/libzephyr.a(sockets.c.obj)
 .text.zsock_wait_data
                0x000000000804c1ba       0x43 zephyr/libzephyr.a(sockets.c.obj)
                0x000000000804c1ba                zsock_wait_data
 .text.zsock_recvfrom_ctx
                0x000000000804c1fd      0x5a8 zephyr/libzephyr.a(sockets.c.obj)
                0x000000000804c1fd                zsock_recvfrom_ctx
 .text.sock_recvfrom_vmeth
                0x000000000804c7a5        0x5 zephyr/libzephyr.a(sockets.c.obj)
 .text.sock_read_vmeth
                0x000000000804c7aa       0x1f zephyr/libzephyr.a(sockets.c.obj)
 .text.z_impl_zsock_recvfrom
                0x000000000804c7c9       0xa8 zephyr/libzephyr.a(sockets.c.obj)
                0x000000000804c7c9                z_impl_zsock_recvfrom
 .text.zsock_poll_internal
                0x000000000804c871      0x283 zephyr/libzephyr.a(sockets.c.obj)
                0x000000000804c871                zsock_poll_internal
 .text.z_impl_zsock_poll
                0x000000000804caf4       0x41 zephyr/libzephyr.a(sockets.c.obj)
                0x000000000804caf4                z_impl_zsock_poll
 .text.zsock_getsockopt_ctx
                0x000000000804cb35       0xa8 zephyr/libzephyr.a(sockets.c.obj)
                0x000000000804cb35                zsock_getsockopt_ctx
 .text.sock_getsockopt_vmeth
                0x000000000804cbdd        0x5 zephyr/libzephyr.a(sockets.c.obj)
 .text.zsock_setsockopt_ctx
                0x000000000804cbe2      0x143 zephyr/libzephyr.a(sockets.c.obj)
                0x000000000804cbe2                zsock_setsockopt_ctx
 .text.sock_setsockopt_vmeth
                0x000000000804cd25        0x5 zephyr/libzephyr.a(sockets.c.obj)
 .text.z_impl_zsock_setsockopt
                0x000000000804cd2a       0x9d zephyr/libzephyr.a(sockets.c.obj)
                0x000000000804cd2a                z_impl_zsock_setsockopt
 .text.zsock_getpeername_ctx
                0x000000000804cdc7      0x109 zephyr/libzephyr.a(sockets.c.obj)
                0x000000000804cdc7                zsock_getpeername_ctx
 .text.sock_getpeername_vmeth
                0x000000000804ced0        0x5 zephyr/libzephyr.a(sockets.c.obj)
 .text.zsock_getsockname_ctx
                0x000000000804ced5       0xce zephyr/libzephyr.a(sockets.c.obj)
                0x000000000804ced5                zsock_getsockname_ctx
 .text.sock_getsockname_vmeth
                0x000000000804cfa3        0x5 zephyr/libzephyr.a(sockets.c.obj)
 .text.arch_cpu_idle
                0x000000000804cfa8       0x16 zephyr/arch/arch/posix/core/libarch__posix__core.a(cpuhalt.c.obj)
                0x000000000804cfa8                arch_cpu_idle
 .text.arch_system_halt
                0x000000000804cfbe       0x27 zephyr/arch/arch/posix/core/libarch__posix__core.a(fatal.c.obj)
                0x000000000804cfbe                arch_system_halt
 .text.arch_irq_enable
                0x000000000804cfe5        0x5 zephyr/arch/arch/posix/core/libarch__posix__core.a(irq.c.obj)
                0x000000000804cfe5                arch_irq_enable
 .text.pc_safe_call
                0x000000000804cfea       0x1b zephyr/arch/arch/posix/core/libarch__posix__core.a(posix_core.c.obj)
 .text.posix_preexit_cleanup
                0x000000000804d005       0x30 zephyr/arch/arch/posix/core/libarch__posix__core.a(posix_core.c.obj)
 .text.abort_tail
                0x000000000804d035       0x28 zephyr/arch/arch/posix/core/libarch__posix__core.a(posix_core.c.obj)
 .text.posix_wait_until_allowed
                0x000000000804d05d       0x57 zephyr/arch/arch/posix/core/libarch__posix__core.a(posix_core.c.obj)
 .text.posix_cleanup_handler
                0x000000000804d0b4       0x35 zephyr/arch/arch/posix/core/libarch__posix__core.a(posix_core.c.obj)
 .text.posix_thread_starter
                0x000000000804d0e9       0xaa zephyr/arch/arch/posix/core/libarch__posix__core.a(posix_core.c.obj)
 .text.posix_swap
                0x000000000804d193       0x47 zephyr/arch/arch/posix/core/libarch__posix__core.a(posix_core.c.obj)
                0x000000000804d193                posix_swap
 .text.posix_main_thread_start
                0x000000000804d1da       0x34 zephyr/arch/arch/posix/core/libarch__posix__core.a(posix_core.c.obj)
                0x000000000804d1da                posix_main_thread_start
 .text.posix_new_thread
                0x000000000804d20e       0xc7 zephyr/arch/arch/posix/core/libarch__posix__core.a(posix_core.c.obj)
                0x000000000804d20e                posix_new_thread
 .text.posix_init_multithreading
                0x000000000804d2d5       0x64 zephyr/arch/arch/posix/core/libarch__posix__core.a(posix_core.c.obj)
                0x000000000804d2d5                posix_init_multithreading
 .text.posix_core_clean_up
                0x000000000804d339       0x6f zephyr/arch/arch/posix/core/libarch__posix__core.a(posix_core.c.obj)
                0x000000000804d339                posix_core_clean_up
 .text.posix_abort_thread
                0x000000000804d3a8       0x1a zephyr/arch/arch/posix/core/libarch__posix__core.a(posix_core.c.obj)
                0x000000000804d3a8                posix_abort_thread
 .text.z_impl_k_thread_abort
                0x000000000804d3c2       0x87 zephyr/arch/arch/posix/core/libarch__posix__core.a(posix_core.c.obj)
                0x000000000804d3c2                z_impl_k_thread_abort
 .text.arch_swap
                0x000000000804d449       0x50 zephyr/arch/arch/posix/core/libarch__posix__core.a(swap.c.obj)
                0x000000000804d449                arch_swap
 .text.arch_switch_to_main_thread
                0x000000000804d499       0x1c zephyr/arch/arch/posix/core/libarch__posix__core.a(swap.c.obj)
                0x000000000804d499                arch_switch_to_main_thread
 .text.arch_new_thread
                0x000000000804d4b5       0x37 zephyr/arch/arch/posix/core/libarch__posix__core.a(thread.c.obj)
                0x000000000804d4b5                arch_new_thread
 .text.posix_new_thread_pre_start
                0x000000000804d4ec        0x5 zephyr/arch/arch/posix/core/libarch__posix__core.a(thread.c.obj)
                0x000000000804d4ec                posix_new_thread_pre_start
 .text.pc_safe_call
                0x000000000804d4f1       0x1b zephyr/soc/posix/inf_clock/libsoc__posix__inf_clock.a(soc.c.obj)
 .text.zephyr_wrapper
                0x000000000804d50c       0x41 zephyr/soc/posix/inf_clock/libsoc__posix__inf_clock.a(soc.c.obj)
 .text.posix_is_cpu_running
                0x000000000804d54d        0xc zephyr/soc/posix/inf_clock/libsoc__posix__inf_clock.a(soc.c.obj)
                0x000000000804d54d                posix_is_cpu_running
 .text.posix_change_cpu_state_and_wait
                0x000000000804d559       0x82 zephyr/soc/posix/inf_clock/libsoc__posix__inf_clock.a(soc.c.obj)
                0x000000000804d559                posix_change_cpu_state_and_wait
 .text.posix_interrupt_raised
                0x000000000804d5db       0x28 zephyr/soc/posix/inf_clock/libsoc__posix__inf_clock.a(soc.c.obj)
                0x000000000804d5db                posix_interrupt_raised
 .text.posix_halt_cpu
                0x000000000804d603       0x16 zephyr/soc/posix/inf_clock/libsoc__posix__inf_clock.a(soc.c.obj)
                0x000000000804d603                posix_halt_cpu
 .text.posix_boot_cpu
                0x000000000804d619       0xb0 zephyr/soc/posix/inf_clock/libsoc__posix__inf_clock.a(soc.c.obj)
                0x000000000804d619                posix_boot_cpu
 .text.run_native_tasks
                0x000000000804d6c9       0x29 zephyr/soc/posix/inf_clock/libsoc__posix__inf_clock.a(soc.c.obj)
                0x000000000804d6c9                run_native_tasks
 .text.posix_soc_clean_up
                0x000000000804d6f2       0x99 zephyr/soc/posix/inf_clock/libsoc__posix__inf_clock.a(soc.c.obj)
                0x000000000804d6f2                posix_soc_clean_up
 .text.hwm_signal_end_handler
                0x000000000804d78b        0xb zephyr/boards/posix/native_posix/libboards__posix__native_posix.a(hw_models_top.c.obj)
                0x000000000804d78b                hwm_signal_end_handler
 .text.hwm_set_sig_handler
                0x000000000804d796       0xb5 zephyr/boards/posix/native_posix/libboards__posix__native_posix.a(hw_models_top.c.obj)
                0x000000000804d796                hwm_set_sig_handler
 .text.hwm_find_next_timer
                0x000000000804d84b       0x81 zephyr/boards/posix/native_posix/libboards__posix__native_posix.a(hw_models_top.c.obj)
                0x000000000804d84b                hwm_find_next_timer
 .text.hwm_one_event
                0x000000000804d8cc       0xed zephyr/boards/posix/native_posix/libboards__posix__native_posix.a(hw_models_top.c.obj)
                0x000000000804d8cc                hwm_one_event
 .text.hwm_set_end_of_time
                0x000000000804d9b9       0x16 zephyr/boards/posix/native_posix/libboards__posix__native_posix.a(hw_models_top.c.obj)
                0x000000000804d9b9                hwm_set_end_of_time
 .text.hwm_get_time
                0x000000000804d9cf        0xc zephyr/boards/posix/native_posix/libboards__posix__native_posix.a(hw_models_top.c.obj)
                0x000000000804d9cf                hwm_get_time
 .text.hwm_init
                0x000000000804d9db       0x20 zephyr/boards/posix/native_posix/libboards__posix__native_posix.a(hw_models_top.c.obj)
                0x000000000804d9db                hwm_init
 .text.hwm_cleanup
                0x000000000804d9fb       0x11 zephyr/boards/posix/native_posix/libboards__posix__native_posix.a(hw_models_top.c.obj)
                0x000000000804d9fb                hwm_cleanup
 .text.hwtimer_update_timer
                0x000000000804da0c       0x37 zephyr/boards/posix/native_posix/libboards__posix__native_posix.a(timer_model.c.obj)
 .text.cmd_realtime_found
                0x000000000804da43        0x8 zephyr/boards/posix/native_posix/libboards__posix__native_posix.a(timer_model.c.obj)
 .text.cmd_no_realtime_found
                0x000000000804da4b        0x8 zephyr/boards/posix/native_posix/libboards__posix__native_posix.a(timer_model.c.obj)
 .text.cmd_rtcoffset_found
                0x000000000804da53       0x2e zephyr/boards/posix/native_posix/libboards__posix__native_posix.a(timer_model.c.obj)
 .text.cmd_rtcreset_found
                0x000000000804da81        0x8 zephyr/boards/posix/native_posix/libboards__posix__native_posix.a(timer_model.c.obj)
 .text.native_add_time_options
                0x000000000804da89       0x15 zephyr/boards/posix/native_posix/libboards__posix__native_posix.a(timer_model.c.obj)
 .text.cmd_rt_ratio_found
                0x000000000804da9e       0x3c zephyr/boards/posix/native_posix/libboards__posix__native_posix.a(timer_model.c.obj)
 .text.cmd_rt_drift_found
                0x000000000804dada       0x42 zephyr/boards/posix/native_posix/libboards__posix__native_posix.a(timer_model.c.obj)
 .text.cmd_stop_at_found
                0x000000000804db1c       0x99 zephyr/boards/posix/native_posix/libboards__posix__native_posix.a(timer_model.c.obj)
 .text.get_host_us_time
                0x000000000804dbb5       0xb2 zephyr/boards/posix/native_posix/libboards__posix__native_posix.a(timer_model.c.obj)
                0x000000000804dbb5                get_host_us_time
 .text.hwtimer_init
                0x000000000804dc67      0x13b zephyr/boards/posix/native_posix/libboards__posix__native_posix.a(timer_model.c.obj)
                0x000000000804dc67                hwtimer_init
 .text.hwtimer_cleanup
                0x000000000804dda2        0x1 zephyr/boards/posix/native_posix/libboards__posix__native_posix.a(timer_model.c.obj)
                0x000000000804dda2                hwtimer_cleanup
 .text.hwtimer_enable
                0x000000000804dda3       0x3e zephyr/boards/posix/native_posix/libboards__posix__native_posix.a(timer_model.c.obj)
                0x000000000804dda3                hwtimer_enable
 .text.hwtimer_timer_reached
                0x000000000804dde1      0x1de zephyr/boards/posix/native_posix/libboards__posix__native_posix.a(timer_model.c.obj)
                0x000000000804dde1                hwtimer_timer_reached
 .text.hwtimer_set_silent_ticks
                0x000000000804dfbf       0x16 zephyr/boards/posix/native_posix/libboards__posix__native_posix.a(timer_model.c.obj)
                0x000000000804dfbf                hwtimer_set_silent_ticks
 .text.posix_irq_handler
                0x000000000804dfd5      0x117 zephyr/boards/posix/native_posix/libboards__posix__native_posix.a(irq_handler.c.obj)
                0x000000000804dfd5                posix_irq_handler
 .text.posix_irq_handler_im_from_sw
                0x000000000804e0ec       0x33 zephyr/boards/posix/native_posix/libboards__posix__native_posix.a(irq_handler.c.obj)
                0x000000000804e0ec                posix_irq_handler_im_from_sw
 .text.posix_irq_lock
                0x000000000804e11f       0x12 zephyr/boards/posix/native_posix/libboards__posix__native_posix.a(irq_handler.c.obj)
                0x000000000804e11f                posix_irq_lock
 .text.posix_irq_unlock
                0x000000000804e131        0x5 zephyr/boards/posix/native_posix/libboards__posix__native_posix.a(irq_handler.c.obj)
                0x000000000804e131                posix_irq_unlock
 .text.posix_irq_full_unlock
                0x000000000804e136       0x12 zephyr/boards/posix/native_posix/libboards__posix__native_posix.a(irq_handler.c.obj)
                0x000000000804e136                posix_irq_full_unlock
 .text.posix_irq_enable
                0x000000000804e148        0x5 zephyr/boards/posix/native_posix/libboards__posix__native_posix.a(irq_handler.c.obj)
                0x000000000804e148                posix_irq_enable
 .text.posix_isr_declare
                0x000000000804e14d       0x2b zephyr/boards/posix/native_posix/libboards__posix__native_posix.a(irq_handler.c.obj)
                0x000000000804e14d                posix_isr_declare
 .text.posix_irq_priority_set
                0x000000000804e178        0x5 zephyr/boards/posix/native_posix/libboards__posix__native_posix.a(irq_handler.c.obj)
                0x000000000804e178                posix_irq_priority_set
 .text.irq_raising_from_hw_now
                0x000000000804e17d       0x1f zephyr/boards/posix/native_posix/libboards__posix__native_posix.a(irq_ctrl.c.obj)
 .text.hw_irq_ctrl_irq_raise_prefix
                0x000000000804e19c       0x69 zephyr/boards/posix/native_posix/libboards__posix__native_posix.a(irq_ctrl.c.obj)
 .text.hw_irq_ctrl_init
                0x000000000804e205       0x4d zephyr/boards/posix/native_posix/libboards__posix__native_posix.a(irq_ctrl.c.obj)
                0x000000000804e205                hw_irq_ctrl_init
 .text.hw_irq_ctrl_cleanup
                0x000000000804e252        0x1 zephyr/boards/posix/native_posix/libboards__posix__native_posix.a(irq_ctrl.c.obj)
                0x000000000804e252                hw_irq_ctrl_cleanup
 .text.hw_irq_ctrl_set_cur_prio
                0x000000000804e253        0xd zephyr/boards/posix/native_posix/libboards__posix__native_posix.a(irq_ctrl.c.obj)
                0x000000000804e253                hw_irq_ctrl_set_cur_prio
 .text.hw_irq_ctrl_get_cur_prio
                0x000000000804e260        0x6 zephyr/boards/posix/native_posix/libboards__posix__native_posix.a(irq_ctrl.c.obj)
                0x000000000804e260                hw_irq_ctrl_get_cur_prio
 .text.hw_irq_ctrl_prio_set
                0x000000000804e266       0x11 zephyr/boards/posix/native_posix/libboards__posix__native_posix.a(irq_ctrl.c.obj)
                0x000000000804e266                hw_irq_ctrl_prio_set
 .text.hw_irq_ctrl_get_prio
                0x000000000804e277        0xe zephyr/boards/posix/native_posix/libboards__posix__native_posix.a(irq_ctrl.c.obj)
                0x000000000804e277                hw_irq_ctrl_get_prio
 .text.hw_irq_ctrl_get_highest_prio_irq
                0x000000000804e285       0x94 zephyr/boards/posix/native_posix/libboards__posix__native_posix.a(irq_ctrl.c.obj)
                0x000000000804e285                hw_irq_ctrl_get_highest_prio_irq
 .text.hw_irq_ctrl_get_current_lock
                0x000000000804e319        0x8 zephyr/boards/posix/native_posix/libboards__posix__native_posix.a(irq_ctrl.c.obj)
                0x000000000804e319                hw_irq_ctrl_get_current_lock
 .text.hw_irq_ctrl_change_lock
                0x000000000804e321       0x35 zephyr/boards/posix/native_posix/libboards__posix__native_posix.a(irq_ctrl.c.obj)
                0x000000000804e321                hw_irq_ctrl_change_lock
 .text.hw_irq_ctrl_clear_irq
                0x000000000804e356       0x3d zephyr/boards/posix/native_posix/libboards__posix__native_posix.a(irq_ctrl.c.obj)
                0x000000000804e356                hw_irq_ctrl_clear_irq
 .text.hw_irq_ctrl_set_irq
                0x000000000804e393       0x38 zephyr/boards/posix/native_posix/libboards__posix__native_posix.a(irq_ctrl.c.obj)
                0x000000000804e393                hw_irq_ctrl_set_irq
 .text.hw_irq_ctrl_raise_im_from_sw
                0x000000000804e3cb       0x1f zephyr/boards/posix/native_posix/libboards__posix__native_posix.a(irq_ctrl.c.obj)
                0x000000000804e3cb                hw_irq_ctrl_raise_im_from_sw
 .text.hw_irq_ctrl_enable_irq
                0x000000000804e3ea       0x47 zephyr/boards/posix/native_posix/libboards__posix__native_posix.a(irq_ctrl.c.obj)
                0x000000000804e3ea                hw_irq_ctrl_enable_irq
 .text.hw_irq_ctrl_timer_triggered
                0x000000000804e431       0x19 zephyr/boards/posix/native_posix/libboards__posix__native_posix.a(irq_ctrl.c.obj)
                0x000000000804e431                hw_irq_ctrl_timer_triggered
 .text.posix_exit
                0x000000000804e44a       0x35 zephyr/boards/posix/native_posix/libboards__posix__native_posix.a(main.c.obj)
                0x000000000804e44a                posix_exit
 .text.posix_init
                0x000000000804e47f       0x83 zephyr/boards/posix/native_posix/libboards__posix__native_posix.a(main.c.obj)
                0x000000000804e47f                posix_init
 .text.main     0x000000000804e502       0x25 zephyr/boards/posix/native_posix/libboards__posix__native_posix.a(main.c.obj)
                0x000000000804e502                main
 .text.trace_disable_color
                0x000000000804e527       0x15 zephyr/boards/posix/native_posix/libboards__posix__native_posix.a(tracing.c.obj)
                0x000000000804e527                trace_disable_color
 .text.trace_enable_color
                0x000000000804e53c       0x15 zephyr/boards/posix/native_posix/libboards__posix__native_posix.a(tracing.c.obj)
                0x000000000804e53c                trace_enable_color
 .text.trace_force_color
                0x000000000804e551       0x15 zephyr/boards/posix/native_posix/libboards__posix__native_posix.a(tracing.c.obj)
                0x000000000804e551                trace_force_color
 .text.decide_about_color
                0x000000000804e566       0x3e zephyr/boards/posix/native_posix/libboards__posix__native_posix.a(tracing.c.obj)
 .text.posix_print_error_and_exit
                0x000000000804e5a4       0x2b zephyr/boards/posix/native_posix/libboards__posix__native_posix.a(tracing.c.obj)
                0x000000000804e5a4                posix_print_error_and_exit
 .text.posix_print_warning
                0x000000000804e5cf       0x1f zephyr/boards/posix/native_posix/libboards__posix__native_posix.a(tracing.c.obj)
                0x000000000804e5cf                posix_print_warning
 .text.posix_print_trace
                0x000000000804e5ee       0x1f zephyr/boards/posix/native_posix/libboards__posix__native_posix.a(tracing.c.obj)
                0x000000000804e5ee                posix_print_trace
 .text.native_add_tracing_options
                0x000000000804e60d       0x15 zephyr/boards/posix/native_posix/libboards__posix__native_posix.a(tracing.c.obj)
                0x000000000804e60d                native_add_tracing_options
 .text.cmd_gen_switch_syntax.constprop.0
                0x000000000804e622       0xab zephyr/boards/posix/native_posix/libboards__posix__native_posix.a(cmdline_common.c.obj)
 .text.cmd_is_option
                0x000000000804e6cd       0x9b zephyr/boards/posix/native_posix/libboards__posix__native_posix.a(cmdline_common.c.obj)
                0x000000000804e6cd                cmd_is_option
 .text.cmd_is_help_option
                0x000000000804e768       0x6c zephyr/boards/posix/native_posix/libboards__posix__native_posix.a(cmdline_common.c.obj)
                0x000000000804e768                cmd_is_help_option
 .text.cmd_read_option_value
                0x000000000804e7d4      0x197 zephyr/boards/posix/native_posix/libboards__posix__native_posix.a(cmdline_common.c.obj)
                0x000000000804e7d4                cmd_read_option_value
 .text.cmd_args_set_defaults
                0x000000000804e96b       0xa5 zephyr/boards/posix/native_posix/libboards__posix__native_posix.a(cmdline_common.c.obj)
                0x000000000804e96b                cmd_args_set_defaults
 .text.cmd_print_switches_help
                0x000000000804ea10       0xc7 zephyr/boards/posix/native_posix/libboards__posix__native_posix.a(cmdline_common.c.obj)
                0x000000000804ea10                cmd_print_switches_help
 .text.cmd_print_long_help
                0x000000000804ead7      0x133 zephyr/boards/posix/native_posix/libboards__posix__native_posix.a(cmdline_common.c.obj)
                0x000000000804ead7                cmd_print_long_help
 .text.cmd_parse_one_arg
                0x000000000804ec0a       0xbc zephyr/boards/posix/native_posix/libboards__posix__native_posix.a(cmdline_common.c.obj)
                0x000000000804ec0a                cmd_parse_one_arg
 .text.native_cleanup_cmd_line
                0x000000000804ecc6       0x25 zephyr/boards/posix/native_posix/libboards__posix__native_posix.a(cmdline.c.obj)
                0x000000000804ecc6                native_cleanup_cmd_line
 .text.native_add_command_line_opts
                0x000000000804eceb       0x9a zephyr/boards/posix/native_posix/libboards__posix__native_posix.a(cmdline.c.obj)
                0x000000000804eceb                native_add_command_line_opts
 .text.native_add_testargs_option
                0x000000000804ed85       0x15 zephyr/boards/posix/native_posix/libboards__posix__native_posix.a(cmdline.c.obj)
                0x000000000804ed85                native_add_testargs_option
 .text.native_handle_cmd_line
                0x000000000804ed9a       0xb3 zephyr/boards/posix/native_posix/libboards__posix__native_posix.a(cmdline.c.obj)
                0x000000000804ed9a                native_handle_cmd_line
 .text.hw_counter_init
                0x000000000804ee4d       0x58 zephyr/boards/posix/native_posix/libboards__posix__native_posix.a(hw_counter.c.obj)
                0x000000000804ee4d                hw_counter_init
 .text.hw_counter_triggered
                0x000000000804eea5       0x7b zephyr/boards/posix/native_posix/libboards__posix__native_posix.a(hw_counter.c.obj)
                0x000000000804eea5                hw_counter_triggered
 .text.z_impl_sys_rand32_get
                0x000000000804ef20       0x48 zephyr/subsys/random/libsubsys__random.a(rand32_entropy_device.c.obj)
                0x000000000804ef20                z_impl_sys_rand32_get
 .text.fixed_data_unref
                0x000000000804ef68        0x1 zephyr/subsys/net/libsubsys__net.a(buf.c.obj)
 .text.net_buf_id
                0x000000000804ef69       0x26 zephyr/subsys/net/libsubsys__net.a(buf.c.obj)
                0x000000000804ef69                net_buf_id
 .text.fixed_data_alloc
                0x000000000804ef8f       0x3a zephyr/subsys/net/libsubsys__net.a(buf.c.obj)
 .text.net_buf_alloc_len
                0x000000000804efc9      0x197 zephyr/subsys/net/libsubsys__net.a(buf.c.obj)
                0x000000000804efc9                net_buf_alloc_len
 .text.net_buf_alloc_fixed
                0x000000000804f160       0x22 zephyr/subsys/net/libsubsys__net.a(buf.c.obj)
                0x000000000804f160                net_buf_alloc_fixed
 .text.net_buf_unref
                0x000000000804f182       0x81 zephyr/subsys/net/libsubsys__net.a(buf.c.obj)
                0x000000000804f182                net_buf_unref
 .text.net_buf_frag_last
                0x000000000804f203       0x13 zephyr/subsys/net/libsubsys__net.a(buf.c.obj)
                0x000000000804f203                net_buf_frag_last
 .text.net_buf_frag_insert
                0x000000000804f216       0x27 zephyr/subsys/net/libsubsys__net.a(buf.c.obj)
                0x000000000804f216                net_buf_frag_insert
 .text.net_buf_simple_add
                0x000000000804f23d       0x17 zephyr/subsys/net/libsubsys__net.a(buf_simple.c.obj)
                0x000000000804f23d                net_buf_simple_add
 .text.net_buf_simple_add_be16
                0x000000000804f254       0x1f zephyr/subsys/net/libsubsys__net.a(buf_simple.c.obj)
                0x000000000804f254                net_buf_simple_add_be16
 .text.net_buf_simple_pull
                0x000000000804f273       0x13 zephyr/subsys/net/libsubsys__net.a(buf_simple.c.obj)
                0x000000000804f273                net_buf_simple_pull
 .text.net_buf_simple_pull_mem
                0x000000000804f286       0x17 zephyr/subsys/net/libsubsys__net.a(buf_simple.c.obj)
                0x000000000804f286                net_buf_simple_pull_mem
 .text.net_buf_simple_max_len
                0x000000000804f29d       0x13 zephyr/subsys/net/libsubsys__net.a(buf_simple.c.obj)
                0x000000000804f29d                net_buf_simple_max_len
 .text.net_ipv4_is_addr_mcast
                0x000000000804f2b0       0x10 zephyr/subsys/net/l2/ethernet/libsubsys__net__l2__ethernet.a(ethernet.c.obj)
 .text.ethernet_flags
                0x000000000804f2c0       0x10 zephyr/subsys/net/l2/ethernet/libsubsys__net__l2__ethernet.a(ethernet.c.obj)
                0x000000000804f2c0                ethernet_flags
 .text.ethernet_enable
                0x000000000804f2d0       0x55 zephyr/subsys/net/l2/ethernet/libsubsys__net__l2__ethernet.a(ethernet.c.obj)
 .text.net_eth_is_addr_broadcast
                0x000000000804f325       0x29 zephyr/subsys/net/l2/ethernet/libsubsys__net__l2__ethernet.a(ethernet.c.obj)
 .text.carrier_on_off
                0x000000000804f34e       0x42 zephyr/subsys/net/l2/ethernet/libsubsys__net__l2__ethernet.a(ethernet.c.obj)
 .text.net_eth_get_hw_capabilities.isra.0
                0x000000000804f390       0x1d zephyr/subsys/net/l2/ethernet/libsubsys__net__l2__ethernet.a(ethernet.c.obj)
 .text.ethernet_recv
                0x000000000804f3ad      0x1cb zephyr/subsys/net/l2/ethernet/libsubsys__net__l2__ethernet.a(ethernet.c.obj)
 .text.net_eth_broadcast_addr
                0x000000000804f578        0x6 zephyr/subsys/net/l2/ethernet/libsubsys__net__l2__ethernet.a(ethernet.c.obj)
                0x000000000804f578                net_eth_broadcast_addr
 .text.net_eth_ipv4_mcast_to_mac_addr
                0x000000000804f57e       0x2e zephyr/subsys/net/l2/ethernet/libsubsys__net__l2__ethernet.a(ethernet.c.obj)
                0x000000000804f57e                net_eth_ipv4_mcast_to_mac_addr
 .text.ethernet_send
                0x000000000804f5ac      0x267 zephyr/subsys/net/l2/ethernet/libsubsys__net__l2__ethernet.a(ethernet.c.obj)
 .text.ethernet_init
                0x000000000804f813       0x48 zephyr/subsys/net/l2/ethernet/libsubsys__net__l2__ethernet.a(ethernet.c.obj)
                0x000000000804f813                ethernet_init
 .text.sys_slist_prepend
                0x000000000804f85b       0x10 zephyr/subsys/net/l2/ethernet/libsubsys__net__l2__ethernet.a(arp.c.obj)
 .text.sys_slist_remove
                0x000000000804f86b       0x29 zephyr/subsys/net/l2/ethernet/libsubsys__net__l2__ethernet.a(arp.c.obj)
 .text.k_uptime_get_32
                0x000000000804f894       0x14 zephyr/subsys/net/l2/ethernet/libsubsys__net__l2__ethernet.a(arp.c.obj)
 .text.arp_entry_get_last_from_table
                0x000000000804f8a8       0x36 zephyr/subsys/net/l2/ethernet/libsubsys__net__l2__ethernet.a(arp.c.obj)
 .text.k_mutex_lock.constprop.0.isra.0
                0x000000000804f8de       0x17 zephyr/subsys/net/l2/ethernet/libsubsys__net__l2__ethernet.a(arp.c.obj)
 .text.k_mutex_unlock.constprop.0.isra.0
                0x000000000804f8f5       0x15 zephyr/subsys/net/l2/ethernet/libsubsys__net__l2__ethernet.a(arp.c.obj)
 .text.if_get_addr.isra.0
                0x000000000804f90a       0x29 zephyr/subsys/net/l2/ethernet/libsubsys__net__l2__ethernet.a(arp.c.obj)
 .text.arp_entry_find.isra.0
                0x000000000804f933       0x2a zephyr/subsys/net/l2/ethernet/libsubsys__net__l2__ethernet.a(arp.c.obj)
 .text.arp_update
                0x000000000804f95d      0x1b3 zephyr/subsys/net/l2/ethernet/libsubsys__net__l2__ethernet.a(arp.c.obj)
 .text.arp_entry_cleanup
                0x000000000804fb10       0x4d zephyr/subsys/net/l2/ethernet/libsubsys__net__l2__ethernet.a(arp.c.obj)
 .text.arp_request_timeout
                0x000000000804fb5d       0xbe zephyr/subsys/net/l2/ethernet/libsubsys__net__l2__ethernet.a(arp.c.obj)
 .text.net_arp_prepare
                0x000000000804fc1b      0x2d3 zephyr/subsys/net/l2/ethernet/libsubsys__net__l2__ethernet.a(arp.c.obj)
                0x000000000804fc1b                net_arp_prepare
 .text.net_arp_input
                0x000000000804feee      0x27f zephyr/subsys/net/l2/ethernet/libsubsys__net__l2__ethernet.a(arp.c.obj)
                0x000000000804feee                net_arp_input
 .text.net_arp_clear_cache
                0x000000000805016d       0xe6 zephyr/subsys/net/l2/ethernet/libsubsys__net__l2__ethernet.a(arp.c.obj)
                0x000000000805016d                net_arp_clear_cache
 .text.net_arp_clear_pending
                0x0000000008050253       0x34 zephyr/subsys/net/l2/ethernet/libsubsys__net__l2__ethernet.a(arp.c.obj)
                0x0000000008050253                net_arp_clear_pending
 .text.net_arp_init
                0x0000000008050287       0xb4 zephyr/subsys/net/l2/ethernet/libsubsys__net__l2__ethernet.a(arp.c.obj)
                0x0000000008050287                net_arp_init
 .text.net_ipv6_is_addr_loopback
                0x000000000805033b       0x25 zephyr/subsys/net/ip/libsubsys__net__ip.a(net_core.c.obj)
 .text.processing_data
                0x0000000008050360       0x8a zephyr/subsys/net/ip/libsubsys__net__ip.a(net_core.c.obj)
 .text.net_init
                0x00000000080503ea       0x46 zephyr/subsys/net/ip/libsubsys__net__ip.a(net_core.c.obj)
 .text.net_send_data
                0x0000000008050430      0x1f4 zephyr/subsys/net/ip/libsubsys__net__ip.a(net_core.c.obj)
                0x0000000008050430                net_send_data
 .text.net_process_rx_packet
                0x0000000008050624       0x1c zephyr/subsys/net/ip/libsubsys__net__ip.a(net_core.c.obj)
                0x0000000008050624                net_process_rx_packet
 .text.net_recv_data
                0x0000000008050640       0x86 zephyr/subsys/net/ip/libsubsys__net__ip.a(net_core.c.obj)
                0x0000000008050640                net_recv_data
 .text.sys_slist_append
                0x00000000080506c6       0x19 zephyr/subsys/net/ip/libsubsys__net__ip.a(net_if.c.obj)
 .text.sys_slist_find_and_remove
                0x00000000080506df       0x41 zephyr/subsys/net/ip/libsubsys__net__ip.a(net_if.c.obj)
 .text.net_ipv6_is_addr_loopback
                0x0000000008050720       0x25 zephyr/subsys/net/ip/libsubsys__net__ip.a(net_if.c.obj)
 .text.net_ipv4_is_ll_addr
                0x0000000008050745        0x9 zephyr/subsys/net/ip/libsubsys__net__ip.a(net_if.c.obj)
 .text.net_if_l2
                0x000000000805074e        0xe zephyr/subsys/net/ip/libsubsys__net__ip.a(net_if.c.obj)
 .text.net_context_send_cb
                0x000000000805075c       0x1e zephyr/subsys/net/ip/libsubsys__net__ip.a(net_if.c.obj)
 .text.l2_flags_get
                0x000000000805077a       0x29 zephyr/subsys/net/ip/libsubsys__net__ip.a(net_if.c.obj)
 .text.get_ipaddr_diff
                0x00000000080507a3       0x4a zephyr/subsys/net/ip/libsubsys__net__ip.a(net_if.c.obj)
 .text.net_ipv6_is_prefix
                0x00000000080507ed       0x6b zephyr/subsys/net/ip/libsubsys__net__ip.a(net_if.c.obj)
 .text.net_ipv6_addr_cmp
                0x0000000008050858       0x19 zephyr/subsys/net/ip/libsubsys__net__ip.a(net_if.c.obj)
 .text.k_uptime_get_32
                0x0000000008050871       0x14 zephyr/subsys/net/ip/libsubsys__net__ip.a(net_if.c.obj)
 .text.k_mutex_lock.constprop.0.isra.0
                0x0000000008050885       0x17 zephyr/subsys/net/ip/libsubsys__net__ip.a(net_if.c.obj)
 .text.k_mutex_unlock.constprop.0.isra.0
                0x000000000805089c       0x15 zephyr/subsys/net/ip/libsubsys__net__ip.a(net_if.c.obj)
 .text.if_ipv4_get_addr
                0x00000000080508b1       0x74 zephyr/subsys/net/ip/libsubsys__net__ip.a(net_if.c.obj)
 .text.iface_router_lookup
                0x0000000008050925       0x93 zephyr/subsys/net/ip/libsubsys__net__ip.a(net_if.c.obj)
 .text.iface_router_update_timer
                0x00000000080509b8       0x94 zephyr/subsys/net/ip/libsubsys__net__ip.a(net_if.c.obj)
 .text.iface_router_add
                0x0000000008050a4c      0x108 zephyr/subsys/net/ip/libsubsys__net__ip.a(net_if.c.obj)
 .text.iface_router_rm
                0x0000000008050b54       0x4c zephyr/subsys/net/ip/libsubsys__net__ip.a(net_if.c.obj)
 .text.address_lifetime_timeout
                0x0000000008050ba0       0xcc zephyr/subsys/net/ip/libsubsys__net__ip.a(net_if.c.obj)
 .text.iface_router_find_default.constprop.0
                0x0000000008050c6c       0x8e zephyr/subsys/net/ip/libsubsys__net__ip.a(net_if.c.obj)
 .text.net_if_flag_is_set
                0x0000000008050cfa       0x14 zephyr/subsys/net/ip/libsubsys__net__ip.a(net_if.c.obj)
 .text.net_if_ipv6_start_dad
                0x0000000008050d0e       0x7e zephyr/subsys/net/ip/libsubsys__net__ip.a(net_if.c.obj)
 .text.ipv4_maddr_find.isra.0
                0x0000000008050d8c       0x32 zephyr/subsys/net/ip/libsubsys__net__ip.a(net_if.c.obj)
 .text.net_if_ipv4_get_best_match.isra.0
                0x0000000008050dbe       0x58 zephyr/subsys/net/ip/libsubsys__net__ip.a(net_if.c.obj)
 .text.net_if_ipv6_get_best_match.isra.0
                0x0000000008050e16       0xa6 zephyr/subsys/net/ip/libsubsys__net__ip.a(net_if.c.obj)
 .text.need_calc_checksum
                0x0000000008050ebc       0x3c zephyr/subsys/net/ip/libsubsys__net__ip.a(net_if.c.obj)
 .text.net_if_flag_clear.isra.0
                0x0000000008050ef8       0x14 zephyr/subsys/net/ip/libsubsys__net__ip.a(net_if.c.obj)
 .text.net_if_flag_set.isra.0
                0x0000000008050f0c       0x14 zephyr/subsys/net/ip/libsubsys__net__ip.a(net_if.c.obj)
 .text.net_if_flag_test_and_set.isra.0
                0x0000000008050f20        0x9 zephyr/subsys/net/ip/libsubsys__net__ip.a(net_if.c.obj)
 .text.atomic_test_and_clear_bit
                0x0000000008050f29       0x38 zephyr/subsys/net/ip/libsubsys__net__ip.a(net_if.c.obj)
 .text.iface_router_expired
                0x0000000008050f61       0x99 zephyr/subsys/net/ip/libsubsys__net__ip.a(net_if.c.obj)
 .text.z_impl_net_if_get_by_index
                0x0000000008050ffa       0x22 zephyr/subsys/net/ip/libsubsys__net__ip.a(net_if.c.obj)
                0x0000000008050ffa                z_impl_net_if_get_by_index
 .text.net_if_set_link_addr_locked
                0x000000000805101c       0x5c zephyr/subsys/net/ip/libsubsys__net__ip.a(net_if.c.obj)
                0x000000000805101c                net_if_set_link_addr_locked
 .text.net_if_lookup_by_dev
                0x0000000008051078       0x21 zephyr/subsys/net/ip/libsubsys__net__ip.a(net_if.c.obj)
                0x0000000008051078                net_if_lookup_by_dev
 .text.net_if_get_default
                0x0000000008051099       0x1b zephyr/subsys/net/ip/libsubsys__net__ip.a(net_if.c.obj)
                0x0000000008051099                net_if_get_default
 .text.net_if_mcast_monitor
                0x00000000080510b4       0x53 zephyr/subsys/net/ip/libsubsys__net__ip.a(net_if.c.obj)
                0x00000000080510b4                net_if_mcast_monitor
 .text.net_if_config_ipv6_get
                0x0000000008051107       0x79 zephyr/subsys/net/ip/libsubsys__net__ip.a(net_if.c.obj)
                0x0000000008051107                net_if_config_ipv6_get
 .text.net_if_start_rs
                0x0000000008051180       0x75 zephyr/subsys/net/ip/libsubsys__net__ip.a(net_if.c.obj)
                0x0000000008051180                net_if_start_rs
 .text.rs_timeout
                0x00000000080511f5       0xf9 zephyr/subsys/net/ip/libsubsys__net__ip.a(net_if.c.obj)
 .text.net_if_stop_rs
                0x00000000080512ee       0x31 zephyr/subsys/net/ip/libsubsys__net__ip.a(net_if.c.obj)
                0x00000000080512ee                net_if_stop_rs
 .text.net_if_ipv6_addr_lookup
                0x000000000805131f       0x98 zephyr/subsys/net/ip/libsubsys__net__ip.a(net_if.c.obj)
                0x000000000805131f                net_if_ipv6_addr_lookup
 .text.dad_timeout
                0x00000000080513b7      0x102 zephyr/subsys/net/ip/libsubsys__net__ip.a(net_if.c.obj)
 .text.net_if_ipv6_addr_lookup_by_iface
                0x00000000080514b9       0x74 zephyr/subsys/net/ip/libsubsys__net__ip.a(net_if.c.obj)
                0x00000000080514b9                net_if_ipv6_addr_lookup_by_iface
 .text.net_if_ipv6_addr_update_lifetime
                0x000000000805152d       0x55 zephyr/subsys/net/ip/libsubsys__net__ip.a(net_if.c.obj)
                0x000000000805152d                net_if_ipv6_addr_update_lifetime
 .text.net_if_ipv6_addr_add
                0x0000000008051582      0x1ea zephyr/subsys/net/ip/libsubsys__net__ip.a(net_if.c.obj)
                0x0000000008051582                net_if_ipv6_addr_add
 .text.net_if_start_dad
                0x000000000805176c      0x16a zephyr/subsys/net/ip/libsubsys__net__ip.a(net_if.c.obj)
                0x000000000805176c                net_if_start_dad
 .text.update_operational_state
                0x00000000080518d6       0xb6 zephyr/subsys/net/ip/libsubsys__net__ip.a(net_if.c.obj)
 .text.net_if_ipv6_maddr_rm
                0x000000000805198c       0x72 zephyr/subsys/net/ip/libsubsys__net__ip.a(net_if.c.obj)
                0x000000000805198c                net_if_ipv6_maddr_rm
 .text.net_if_ipv6_addr_rm
                0x00000000080519fe      0x101 zephyr/subsys/net/ip/libsubsys__net__ip.a(net_if.c.obj)
                0x00000000080519fe                net_if_ipv6_addr_rm
 .text.net_if_ipv6_dad_failed
                0x0000000008051aff       0x4a zephyr/subsys/net/ip/libsubsys__net__ip.a(net_if.c.obj)
                0x0000000008051aff                net_if_ipv6_dad_failed
 .text.remove_prefix_addresses
                0x0000000008051b49       0x85 zephyr/subsys/net/ip/libsubsys__net__ip.a(net_if.c.obj)
 .text.prefix_lifetime_timeout
                0x0000000008051bce       0xe1 zephyr/subsys/net/ip/libsubsys__net__ip.a(net_if.c.obj)
 .text.net_if_ipv6_maddr_lookup
                0x0000000008051caf       0xa4 zephyr/subsys/net/ip/libsubsys__net__ip.a(net_if.c.obj)
                0x0000000008051caf                net_if_ipv6_maddr_lookup
 .text.net_if_ipv6_maddr_add
                0x0000000008051d53       0xc8 zephyr/subsys/net/ip/libsubsys__net__ip.a(net_if.c.obj)
                0x0000000008051d53                net_if_ipv6_maddr_add
 .text.net_if_ipv6_maddr_join
                0x0000000008051e1b       0x1e zephyr/subsys/net/ip/libsubsys__net__ip.a(net_if.c.obj)
                0x0000000008051e1b                net_if_ipv6_maddr_join
 .text.net_if_ipv6_prefix_add
                0x0000000008051e39      0x153 zephyr/subsys/net/ip/libsubsys__net__ip.a(net_if.c.obj)
                0x0000000008051e39                net_if_ipv6_prefix_add
 .text.net_if_ipv6_prefix_lookup
                0x0000000008051f8c       0x7e zephyr/subsys/net/ip/libsubsys__net__ip.a(net_if.c.obj)
                0x0000000008051f8c                net_if_ipv6_prefix_lookup
 .text.net_if_ipv6_addr_onlink
                0x000000000805200a       0xa4 zephyr/subsys/net/ip/libsubsys__net__ip.a(net_if.c.obj)
                0x000000000805200a                net_if_ipv6_addr_onlink
 .text.net_if_ipv6_prefix_set_timer
                0x00000000080520ae       0x64 zephyr/subsys/net/ip/libsubsys__net__ip.a(net_if.c.obj)
                0x00000000080520ae                net_if_ipv6_prefix_set_timer
 .text.net_if_ipv6_prefix_unset_timer
                0x0000000008052112       0x40 zephyr/subsys/net/ip/libsubsys__net__ip.a(net_if.c.obj)
                0x0000000008052112                net_if_ipv6_prefix_unset_timer
 .text.net_if_ipv6_prefix_rm
                0x0000000008052152       0xcd zephyr/subsys/net/ip/libsubsys__net__ip.a(net_if.c.obj)
                0x0000000008052152                net_if_ipv6_prefix_rm
 .text.net_if_ipv6_router_lookup
                0x000000000805221f       0x14 zephyr/subsys/net/ip/libsubsys__net__ip.a(net_if.c.obj)
                0x000000000805221f                net_if_ipv6_router_lookup
 .text.net_if_ipv6_router_find_default
                0x0000000008052233       0x11 zephyr/subsys/net/ip/libsubsys__net__ip.a(net_if.c.obj)
                0x0000000008052233                net_if_ipv6_router_find_default
 .text.net_if_ipv6_router_update_lifetime
                0x0000000008052244       0x1f zephyr/subsys/net/ip/libsubsys__net__ip.a(net_if.c.obj)
                0x0000000008052244                net_if_ipv6_router_update_lifetime
 .text.net_if_ipv6_router_add
                0x0000000008052263       0x22 zephyr/subsys/net/ip/libsubsys__net__ip.a(net_if.c.obj)
                0x0000000008052263                net_if_ipv6_router_add
 .text.net_if_ipv6_router_rm
                0x0000000008052285        0xc zephyr/subsys/net/ip/libsubsys__net__ip.a(net_if.c.obj)
                0x0000000008052285                net_if_ipv6_router_rm
 .text.net_if_ipv6_get_hop_limit
                0x0000000008052291       0x2d zephyr/subsys/net/ip/libsubsys__net__ip.a(net_if.c.obj)
                0x0000000008052291                net_if_ipv6_get_hop_limit
 .text.net_ipv6_set_hop_limit
                0x00000000080522be       0x2a zephyr/subsys/net/ip/libsubsys__net__ip.a(net_if.c.obj)
                0x00000000080522be                net_ipv6_set_hop_limit
 .text.net_if_ipv6_get_ll
                0x00000000080522e8       0x78 zephyr/subsys/net/ip/libsubsys__net__ip.a(net_if.c.obj)
                0x00000000080522e8                net_if_ipv6_get_ll
 .text.net_if_ipv6_select_src_addr
                0x0000000008052360       0xd6 zephyr/subsys/net/ip/libsubsys__net__ip.a(net_if.c.obj)
                0x0000000008052360                net_if_ipv6_select_src_addr
 .text.net_if_ipv6_select_src_iface
                0x0000000008052436       0x7b zephyr/subsys/net/ip/libsubsys__net__ip.a(net_if.c.obj)
                0x0000000008052436                net_if_ipv6_select_src_iface
 .text.net_if_ipv6_calc_reachable_time
                0x00000000080524b1       0x38 zephyr/subsys/net/ip/libsubsys__net__ip.a(net_if.c.obj)
                0x00000000080524b1                net_if_ipv6_calc_reachable_time
 .text.net_if_ipv4_get_ttl
                0x00000000080524e9       0x2a zephyr/subsys/net/ip/libsubsys__net__ip.a(net_if.c.obj)
                0x00000000080524e9                net_if_ipv4_get_ttl
 .text.net_if_ipv4_addr_mask_cmp
                0x0000000008052513       0x4f zephyr/subsys/net/ip/libsubsys__net__ip.a(net_if.c.obj)
                0x0000000008052513                net_if_ipv4_addr_mask_cmp
 .text.ipv4_is_broadcast_address
                0x0000000008052562       0x37 zephyr/subsys/net/ip/libsubsys__net__ip.a(net_if.c.obj)
 .text.net_if_ipv4_is_addr_bcast
                0x0000000008052599       0x55 zephyr/subsys/net/ip/libsubsys__net__ip.a(net_if.c.obj)
                0x0000000008052599                net_if_ipv4_is_addr_bcast
 .text.net_if_ipv4_select_src_iface
                0x00000000080525ee       0x46 zephyr/subsys/net/ip/libsubsys__net__ip.a(net_if.c.obj)
                0x00000000080525ee                net_if_ipv4_select_src_iface
 .text.net_if_ipv4_get_ll
                0x0000000008052634       0x15 zephyr/subsys/net/ip/libsubsys__net__ip.a(net_if.c.obj)
                0x0000000008052634                net_if_ipv4_get_ll
 .text.net_if_ipv4_get_global_addr
                0x0000000008052649       0x12 zephyr/subsys/net/ip/libsubsys__net__ip.a(net_if.c.obj)
                0x0000000008052649                net_if_ipv4_get_global_addr
 .text.net_if_ipv4_select_src_addr
                0x000000000805265b       0xea zephyr/subsys/net/ip/libsubsys__net__ip.a(net_if.c.obj)
                0x000000000805265b                net_if_ipv4_select_src_addr
 .text.net_if_ipv4_addr_lookup
                0x0000000008052745       0x5e zephyr/subsys/net/ip/libsubsys__net__ip.a(net_if.c.obj)
                0x0000000008052745                net_if_ipv4_addr_lookup
 .text.net_if_ipv4_maddr_lookup
                0x00000000080527a3       0x65 zephyr/subsys/net/ip/libsubsys__net__ip.a(net_if.c.obj)
                0x00000000080527a3                net_if_ipv4_maddr_lookup
 .text.net_if_recv_data
                0x0000000008052808       0x13 zephyr/subsys/net/ip/libsubsys__net__ip.a(net_if.c.obj)
                0x0000000008052808                net_if_recv_data
 .text.net_if_call_link_cb
                0x000000000805281b       0x4e zephyr/subsys/net/ip/libsubsys__net__ip.a(net_if.c.obj)
                0x000000000805281b                net_if_call_link_cb
 .text.net_if_tx.isra.0
                0x0000000008052869       0xec zephyr/subsys/net/ip/libsubsys__net__ip.a(net_if.c.obj)
 .text.net_if_queue_tx
                0x0000000008052955       0x25 zephyr/subsys/net/ip/libsubsys__net__ip.a(net_if.c.obj)
                0x0000000008052955                net_if_queue_tx
 .text.net_if_send_data
                0x000000000805297a       0xe6 zephyr/subsys/net/ip/libsubsys__net__ip.a(net_if.c.obj)
                0x000000000805297a                net_if_send_data
 .text.net_if_need_calc_tx_checksum
                0x0000000008052a60       0x11 zephyr/subsys/net/ip/libsubsys__net__ip.a(net_if.c.obj)
                0x0000000008052a60                net_if_need_calc_tx_checksum
 .text.net_if_need_calc_rx_checksum
                0x0000000008052a71       0x11 zephyr/subsys/net/ip/libsubsys__net__ip.a(net_if.c.obj)
                0x0000000008052a71                net_if_need_calc_rx_checksum
 .text.net_if_get_by_iface
                0x0000000008052a82       0x2a zephyr/subsys/net/ip/libsubsys__net__ip.a(net_if.c.obj)
                0x0000000008052a82                net_if_get_by_iface
 .text.net_if_up
                0x0000000008052aac       0x68 zephyr/subsys/net/ip/libsubsys__net__ip.a(net_if.c.obj)
                0x0000000008052aac                net_if_up
 .text.net_if_carrier_on
                0x0000000008052b14       0x31 zephyr/subsys/net/ip/libsubsys__net__ip.a(net_if.c.obj)
                0x0000000008052b14                net_if_carrier_on
 .text.net_if_carrier_off
                0x0000000008052b45       0x34 zephyr/subsys/net/ip/libsubsys__net__ip.a(net_if.c.obj)
                0x0000000008052b45                net_if_carrier_off
 .text.net_if_init
                0x0000000008052b79      0x139 zephyr/subsys/net/ip/libsubsys__net__ip.a(net_if.c.obj)
                0x0000000008052b79                net_if_init
 .text.net_if_post_init
                0x0000000008052cb2       0x38 zephyr/subsys/net/ip/libsubsys__net__ip.a(net_if.c.obj)
                0x0000000008052cb2                net_if_post_init
 .text.net_timeout_set
                0x0000000008052cea       0x68 zephyr/subsys/net/ip/libsubsys__net__ip.a(net_timeout.c.obj)
                0x0000000008052cea                net_timeout_set
 .text.net_timeout_remaining